<html>
<body>
<pre>
<h1>µVision Build Log</h1>
<h2>Tool Versions:</h2>
IDE-Version: µVision V5.15
Copyright (C) 2015 ARM Ltd and ARM Germany GmbH. All rights reserved.
License Information: Maciej Microsoft, Microsoft, LIC=----
 
Tool Versions:
Toolchain:       MDK-Lite  Version: 5.15.0
Toolchain Path:  C:\Keil_v5\ARM\ARMCC\Bin
C Compiler:      Armcc.exe V5.05 update 2 (build 169)
Assembler:       Armasm.exe V5.05 update 2 (build 169)
Linker/Locator:  ArmLink.exe V5.05 update 2 (build 169)
Library Manager: ArmAr.exe V5.05 update 2 (build 169)
Hex Converter:   FromElf.exe V5.05 update 2 (build 169)
CPU DLL:         SARMCM3.DLL V5.15.0
Dialog DLL:      DCM.DLL V1.13.2.0
Target DLL:      STLink\ST-LINKIII-KEIL_SWO.dll V2.0.15.0_KEIL
Dialog DLL:      TCM.DLL V1.14.5.0
 
<h2>Project:</h2>
C:\Users\Maciek\Documents\cFOF\cFOF.uvprojx
Project File Date:  09/08/2015

<h2>Output:</h2>
*** Using Compiler 'V5.05 update 2 (build 169)', folder: 'C:\Keil_v5\ARM\ARMCC\Bin'
Build target 'cFOF'
compiling MENU.c...
.\inc\SYS_TICK.h(7): warning:  #1-D: last line of file ends without a newline
  #endif
.\inc\BUZZER.h(102): warning:  #1-D: last line of file ends without a newline
  void _BUZZER_init(void);
.\inc\LED.h(103): warning:  #1-D: last line of file ends without a newline
  void wait_(uint32_t time);
.\inc\main.h(50): warning:  #1-D: last line of file ends without a newline
  #endif
src\MENU.c(857): warning:  #1-D: last line of file ends without a newline
  }
src\MENU.c: 5 warnings, 0 errors
compiling RFM69W.c...
.\inc\SYS_TICK.h(7): warning:  #1-D: last line of file ends without a newline
  #endif
.\inc\BUZZER.h(102): warning:  #1-D: last line of file ends without a newline
  void _BUZZER_init(void);
.\inc\LED.h(103): warning:  #1-D: last line of file ends without a newline
  void wait_(uint32_t time);
.\inc\main.h(50): warning:  #1-D: last line of file ends without a newline
  #endif
src\RFM69W.c(154): warning:  #177-D: variable "buf" was declared but never referenced
        uint8_t buf[10];
src\RFM69W.c(155): warning:  #177-D: variable "i" was declared but never referenced
        uint32_t i;
src\RFM69W.c(848): warning:  #940-D: missing return statement at end of non-void function "RFM69W_SPI_send_poll"
  }
src\RFM69W.c(932): warning:  #550-D: variable "buffer" was set but never used
        uint16_t buffer;
src\RFM69W.c: 8 warnings, 0 errors
linking...
Program Size: Code=17644 RO-data=364 RW-data=456 ZI-data=3320  
FromELF: creating hex file...
".\Objects\cFOF.axf" - 0 Error(s), 13 Warning(s).

<h2>Collection of Component include folders:</h2>
  C:\Users\Maciek\Documents\cFOF\RTE
  C:\Keil_v5\ARM\PACK\Keil\STM32L1xx_DFP\1.0.2\Device\Include

<h2>Collection of Component Files used:</h2>
</pre>
</body>
</html>
