Component: ARM Compiler 5.05 update 2 (build 169) Tool: armlink [4d0f33]

==============================================================================

Section Cross References

    startup_stm32l1xx_md.o(STACK) refers (Special) to heapauxi.o(.text) for __use_two_region_memory
    startup_stm32l1xx_md.o(HEAP) refers (Special) to heapauxi.o(.text) for __use_two_region_memory
    startup_stm32l1xx_md.o(RESET) refers (Special) to heapauxi.o(.text) for __use_two_region_memory
    startup_stm32l1xx_md.o(RESET) refers to startup_stm32l1xx_md.o(STACK) for __initial_sp
    startup_stm32l1xx_md.o(RESET) refers to startup_stm32l1xx_md.o(.text) for Reset_Handler
    startup_stm32l1xx_md.o(RESET) refers to sys_tick.o(i.SysTick_Handler) for SysTick_Handler
    startup_stm32l1xx_md.o(RESET) refers to led.o(i.DMA1_Channel2_IRQHandler) for DMA1_Channel2_IRQHandler
    startup_stm32l1xx_md.o(RESET) refers to led.o(i.TIM10_IRQHandler) for TIM10_IRQHandler
    startup_stm32l1xx_md.o(RESET) refers to buzzer.o(i.TIM3_IRQHandler) for TIM3_IRQHandler
    startup_stm32l1xx_md.o(RESET) refers to rfm69w.o(i.SPI1_IRQHandler) for SPI1_IRQHandler
    startup_stm32l1xx_md.o(RESET) refers to usart.o(i.USART1_IRQHandler) for USART1_IRQHandler
    startup_stm32l1xx_md.o(RESET) refers to rfm69w.o(i.EXTI15_10_IRQHandler) for EXTI15_10_IRQHandler
    startup_stm32l1xx_md.o(.text) refers (Special) to heapauxi.o(.text) for __use_two_region_memory
    startup_stm32l1xx_md.o(.text) refers to system_stm32l1xx.o(i.SystemInit) for SystemInit
    startup_stm32l1xx_md.o(.text) refers to __main.o(!!!main) for __main
    startup_stm32l1xx_md.o(.text) refers to startup_stm32l1xx_md.o(HEAP) for Heap_Mem
    startup_stm32l1xx_md.o(.text) refers to startup_stm32l1xx_md.o(STACK) for Stack_Mem
    system_stm32l1xx.o(i.SystemCoreClockUpdate) refers to system_stm32l1xx.o(.data) for SystemCoreClock
    system_stm32l1xx.o(i.SystemInit) refers to system_stm32l1xx.o(i.SetSysClock) for SetSysClock
    buzzer.o(i.BUZZER_music_init) refers to buzzer.o(.data) for music_0_tempo
    buzzer.o(i.BUZZER_music_init) refers to buzzer.o(.bss) for music
    buzzer.o(i.BUZZER_reset_timer) refers to buzzer.o(.data) for BUZZER_mode
    buzzer.o(i.TIM3_IRQHandler) refers to buzzer.o(i.BUZZER_music_init) for BUZZER_music_init
    buzzer.o(i.TIM3_IRQHandler) refers to buzzer.o(i.BUZZER_reset_timer) for BUZZER_reset_timer
    buzzer.o(i.TIM3_IRQHandler) refers to buzzer.o(.data) for BUZZER_mode
    buzzer.o(i.TIM3_IRQHandler) refers to buzzer.o(.bss) for music
    buzzer.o(i._BUZZER_alarm_set_tempo_list) refers to buzzer.o(i.BUZZER_reset_timer) for BUZZER_reset_timer
    buzzer.o(i._BUZZER_alarm_set_tempo_list) refers to buzzer.o(.data) for BUZZER_AlarmTempos
    buzzer.o(i._BUZZER_alarm_set_tempo_list) refers to buzzer.o(.bss) for alarm
    buzzer.o(i._BUZZER_alarm_set_tone_list) refers to buzzer.o(i.BUZZER_reset_timer) for BUZZER_reset_timer
    buzzer.o(i._BUZZER_alarm_set_tone_list) refers to buzzer.o(.data) for BUZZER_AlarmTones
    buzzer.o(i._BUZZER_alarm_set_tone_list) refers to buzzer.o(.bss) for alarm
    buzzer.o(i._BUZZER_alarm_set_vol_list) refers to buzzer.o(.data) for BUZZER_AlarmVols
    buzzer.o(i._BUZZER_alarm_set_vol_list) refers to buzzer.o(.bss) for alarm
    buzzer.o(i._BUZZER_alarm_start) refers to buzzer.o(.data) for BUZZER_mode
    buzzer.o(i._BUZZER_alarm_start) refers to buzzer.o(.bss) for alarm
    buzzer.o(i._BUZZER_alarm_stop) refers to buzzer.o(i.BUZZER_reset_timer) for BUZZER_reset_timer
    buzzer.o(i._BUZZER_beep_change) refers to buzzer.o(.data) for beep
    buzzer.o(i._BUZZER_init) refers to buzzer.o(i.DAC_GPIO_init) for DAC_GPIO_init
    buzzer.o(i._BUZZER_init) refers to buzzer.o(i.DAC_LOGIC_init) for DAC_LOGIC_init
    buzzer.o(i._BUZZER_init) refers to buzzer.o(i.BUZZER_GPIO_init) for BUZZER_GPIO_init
    buzzer.o(i._BUZZER_init) refers to buzzer.o(i.BUZZER_PWM_init) for BUZZER_PWM_init
    buzzer.o(i._BUZZER_init) refers to buzzer.o(i.BUZZER_reset_timer) for BUZZER_reset_timer
    buzzer.o(i._BUZZER_init) refers to buzzer.o(i.BUZZER_music_init) for BUZZER_music_init
    buzzer.o(i._BUZZER_init) refers to buzzer.o(.bss) for alarm
    buzzer.o(i._BUZZER_init) refers to buzzer.o(.data) for beep
    buzzer.o(i._BUZZER_play_music) refers to buzzer.o(i.BUZZER_reset_timer) for BUZZER_reset_timer
    buzzer.o(i._BUZZER_play_music) refers to buzzer.o(i.BUZZER_music_init) for BUZZER_music_init
    buzzer.o(i._BUZZER_play_music) refers to buzzer.o(.bss) for music
    buzzer.o(i._BUZZER_play_music) refers to buzzer.o(.data) for BUZZER_mode
    buzzer.o(i._BUZZER_single_beep) refers to buzzer.o(.data) for beep
    buzzer.o(i._BUZZER_stop_music) refers to buzzer.o(i.BUZZER_reset_timer) for BUZZER_reset_timer
    buzzer.o(i._BUZZER_stop_music) refers to buzzer.o(i.BUZZER_music_init) for BUZZER_music_init
    eeprom.o(i.EEPROM_16_fast_write) refers to eeprom.o(i.EEPROM_unlock) for EEPROM_unlock
[...]
    rtexit.o(.ARM.exidx) refers (Special) to rtexit2.o(.ARM.Collect$$rtexit$$00000002) for __rt_exit_prels_1
    rtexit.o(.ARM.exidx) refers to rtexit.o(.ARM.Collect$$rtexit$$00000000) for .ARM.Collect$$rtexit$$00000000
    __raise.o(.text) refers to defsig.o(CL$$defsig) for __default_signal_handler
    defsig_general.o(.text) refers to sys_wrch.o(.text) for _ttywrch
    libshutdown2.o(.ARM.Collect$$libshutdown$$0000000C) refers (Weak) to term_alloc.o(.text) for _terminate_alloc
    sys_wrch.o(.text) refers (Special) to use_no_semi.o(.text) for __I$use$semihosting
    sys_wrch.o(.text) refers (Special) to indicate_semi.o(.text) for __semihosting_library_function
    rtexit2.o(.ARM.Collect$$rtexit$$00000003) refers to libshutdown.o(.ARM.Collect$$libshutdown$$00000000) for __rt_lib_shutdown
    rtexit2.o(.ARM.Collect$$rtexit$$00000004) refers to sys_exit.o(.text) for _sys_exit
    rtexit2.o(.ARM.exidx) refers to rtexit2.o(.ARM.Collect$$rtexit$$00000001) for .ARM.Collect$$rtexit$$00000001
    rtexit2.o(.ARM.exidx) refers to rtexit2.o(.ARM.Collect$$rtexit$$00000003) for .ARM.Collect$$rtexit$$00000003
    rtexit2.o(.ARM.exidx) refers to rtexit2.o(.ARM.Collect$$rtexit$$00000004) for .ARM.Collect$$rtexit$$00000004
    defsig.o(CL$$defsig) refers to defsig_rtmem_inner.o(.text) for __rt_SIGRTMEM_inner
    defsig_abrt_inner.o(.text) refers to defsig_general.o(.text) for __default_signal_display
    defsig_fpe_inner.o(.text) refers to defsig_general.o(.text) for __default_signal_display
    defsig_rtred_inner.o(.text) refers to defsig_general.o(.text) for __default_signal_display
    defsig_stak_inner.o(.text) refers to defsig_general.o(.text) for __default_signal_display
    defsig_pvfn_inner.o(.text) refers to defsig_general.o(.text) for __default_signal_display
    defsig_cppl_inner.o(.text) refers to defsig_general.o(.text) for __default_signal_display
    defsig_segv_inner.o(.text) refers to defsig_general.o(.text) for __default_signal_display
    defsig_other.o(.text) refers to defsig_general.o(.text) for __default_signal_display
    libshutdown.o(.ARM.Collect$$libshutdown$$00000000) refers (Special) to libshutdown2.o(.ARM.Collect$$libshutdown$$00000006) for __rt_lib_shutdown_fp_trap_1
    libshutdown.o(.ARM.Collect$$libshutdown$$00000000) refers (Special) to libshutdown2.o(.ARM.Collect$$libshutdown$$0000000E) for __rt_lib_shutdown_heap_1
    libshutdown.o(.ARM.Collect$$libshutdown$$00000000) refers (Special) to libshutdown2.o(.ARM.Collect$$libshutdown$$0000000F) for __rt_lib_shutdown_return
    libshutdown.o(.ARM.Collect$$libshutdown$$00000000) refers (Special) to libshutdown2.o(.ARM.Collect$$libshutdown$$00000009) for __rt_lib_shutdown_signal_1
    libshutdown.o(.ARM.Collect$$libshutdown$$00000000) refers (Special) to libshutdown2.o(.ARM.Collect$$libshutdown$$00000003) for __rt_lib_shutdown_stdio_1
    libshutdown.o(.ARM.Collect$$libshutdown$$00000000) refers (Special) to libshutdown2.o(.ARM.Collect$$libshutdown$$0000000B) for __rt_lib_shutdown_user_alloc_1


==============================================================================

Removing Unused input sections from the image.

    Removing system_stm32l1xx.o(.rev16_text), (4 bytes).
    Removing system_stm32l1xx.o(.revsh_text), (4 bytes).
    Removing system_stm32l1xx.o(.rrx_text), (6 bytes).
    Removing system_stm32l1xx.o(i.SystemCoreClockUpdate), (220 bytes).
    Removing buzzer.o(.rev16_text), (4 bytes).
    Removing buzzer.o(.revsh_text), (4 bytes).
    Removing buzzer.o(.rrx_text), (6 bytes).
    Removing buzzer.o(i._BUZZER_alarm_set_tempo_list), (28 bytes).
    Removing buzzer.o(i._BUZZER_alarm_set_tone_list), (40 bytes).
    Removing buzzer.o(i._BUZZER_alarm_set_vol_list), (32 bytes).
    Removing buzzer.o(i._BUZZER_alarm_start), (96 bytes).
    Removing buzzer.o(i._BUZZER_alarm_stop), (8 bytes).
    Removing buzzer.o(i._BUZZER_beep_change), (16 bytes).
    Removing buzzer.o(i._BUZZER_off), (92 bytes).
    Removing buzzer.o(i._BUZZER_play_music), (76 bytes).
    Removing buzzer.o(i._BUZZER_single_beep), (52 bytes).
    Removing buzzer.o(i._BUZZER_stop_music), (12 bytes).
    Removing eeprom.o(.rev16_text), (4 bytes).
    Removing eeprom.o(.revsh_text), (4 bytes).
    Removing eeprom.o(.rrx_text), (6 bytes).
    Removing eeprom.o(i.EEPROM_16_fast_write), (72 bytes).
    Removing eeprom.o(i.EEPROM_16_read), (16 bytes).
    Removing eeprom.o(i.EEPROM_16_write), (72 bytes).
    Removing eeprom.o(i.EEPROM_32_erase), (60 bytes).
    Removing eeprom.o(i.EEPROM_32_fast_write), (72 bytes).
    Removing eeprom.o(i.EEPROM_32_read), (16 bytes).
    Removing eeprom.o(i.EEPROM_32_write), (72 bytes).
    Removing eeprom.o(i.EEPROM_64_erase), (116 bytes).
    Removing eeprom.o(i.EEPROM_64_read), (16 bytes).
    Removing eeprom.o(i.EEPROM_64_write), (120 bytes).
    Removing eeprom.o(i.EEPROM_8_fast_write), (72 bytes).
    Removing eeprom.o(i.EEPROM_8_read), (16 bytes).
    Removing eeprom.o(i.EEPROM_8_write), (72 bytes).
    Removing eeprom.o(i.EEPROM_lock), (20 bytes).
    Removing eeprom.o(i.EEPROM_option_lock), (20 bytes).
    Removing eeprom.o(i.EEPROM_option_unlock), (32 bytes).
    Removing eeprom.o(i.EEPROM_unlock), (40 bytes).
    Removing key.o(.rev16_text), (4 bytes).
    Removing key.o(.revsh_text), (4 bytes).
    Removing key.o(.rrx_text), (6 bytes).
    Removing key.o(i.IsKey), (28 bytes).
    Removing key.o(i.IsKeyPressed), (16 bytes).
    Removing key.o(i.KeybLock), (12 bytes).
    Removing key.o(i.KeybSetAutoRepeatTimes), (24 bytes).
    Removing key.o(i.KeysTime), (12 bytes).
    Removing led.o(.rev16_text), (4 bytes).
    Removing led.o(.revsh_text), (4 bytes).
    Removing led.o(.rrx_text), (6 bytes).
    Removing led.o(i._LED_animate), (404 bytes).
    Removing led.o(i._LED_animate_change), (104 bytes).
    Removing led.o(i._LED_animate_delay), (28 bytes).
    Removing led.o(i._LED_animate_off), (80 bytes).
    Removing led.o(i._LED_change_brightness), (112 bytes).
    Removing led.o(i._LED_change_brightness_all), (44 bytes).
    Removing led.o(i._LED_change_brightness_all_perc), (30 bytes).
    Removing led.o(i._LED_change_brightness_limit), (28 bytes).
    Removing led.o(i._LED_change_brightness_limit_list), (20 bytes).
    Removing led.o(i._LED_change_brightness_perc), (116 bytes).
    Removing led.o(i._LED_change_color), (164 bytes).
    Removing led.o(i._LED_change_color_all), (74 bytes).
    Removing led.o(i.wait_), (14 bytes).
    Removing menu.o(.rev16_text), (4 bytes).
    Removing menu.o(.revsh_text), (4 bytes).
    Removing menu.o(.rrx_text), (6 bytes).
    Removing rfm69w.o(.rev16_text), (4 bytes).
    Removing rfm69w.o(.revsh_text), (4 bytes).
    Removing rfm69w.o(.rrx_text), (6 bytes).
    Removing rfm69w.o(i.RFM69W_ACKReceived), (80 bytes).
    Removing rfm69w.o(i.RFM69W_SPI_clear_bit), (32 bytes).
    Removing rfm69w.o(i.RFM69W_SPI_send), (168 bytes).
    Removing rfm69w.o(i.RFM69W_SPI_write), (168 bytes).
    Removing rfm69w.o(i.RFM69W_canSend), (40 bytes).
    Removing rfm69w.o(i.RFM69W_readAllRegs), (120 bytes).
    Removing rfm69w.o(i.RFM69W_send), (72 bytes).
    Removing rfm69w.o(i.RFM69W_sendWithRetry), (122 bytes).
    Removing sys_tick.o(.rev16_text), (4 bytes).
    Removing sys_tick.o(.revsh_text), (4 bytes).
    Removing sys_tick.o(.rrx_text), (6 bytes).
    Removing usart.o(.rev16_text), (4 bytes).
    Removing usart.o(.revsh_text), (4 bytes).
    Removing usart.o(.rrx_text), (6 bytes).
    Removing usart.o(i.USART_write), (136 bytes).
    Removing main.o(.rev16_text), (4 bytes).
    Removing main.o(.revsh_text), (4 bytes).
    Removing main.o(.rrx_text), (6 bytes).

85 unused section(s) (total 3964 bytes) removed from the image.

==============================================================================

Image Symbol Table

    Local Symbols

    Symbol Name                              Value     Ov Type        Size  Object(Section)

    ../clib/angel/boardlib.s                 0x00000000   Number         0  boardshut.o ABSOLUTE
    ../clib/angel/boardlib.s                 0x00000000   Number         0  boardinit2.o ABSOLUTE
    ../clib/angel/boardlib.s                 0x00000000   Number         0  boardinit3.o ABSOLUTE
    ../clib/angel/boardlib.s                 0x00000000   Number         0  boardinit1.o ABSOLUTE
    ../clib/angel/dczerorl2.s                0x00000000   Number         0  __dczerorl2.o ABSOLUTE
    ../clib/angel/handlers.s                 0x00000000   Number         0  __scatter_zi.o ABSOLUTE
    ../clib/angel/kernel.s                   0x00000000   Number         0  rtexit.o ABSOLUTE
    ../clib/angel/kernel.s                   0x00000000   Number         0  rtexit2.o ABSOLUTE
    ../clib/angel/kernel.s                   0x00000000   Number         0  __rtentry4.o ABSOLUTE
    ../clib/angel/kernel.s                   0x00000000   Number         0  __rtentry.o ABSOLUTE
    ../clib/angel/kernel.s                   0x00000000   Number         0  __rtentry2.o ABSOLUTE
    ../clib/angel/rt.s                       0x00000000   Number         0  rt_raise.o ABSOLUTE
    ../clib/angel/rt.s                       0x00000000   Number         0  rt_heap_descriptor_intlibspace.o ABSOLUTE
    ../clib/angel/rt.s                       0x00000000   Number         0  rt_heap_descriptor.o ABSOLUTE
    ../clib/angel/scatter.s                  0x00000000   Number         0  __scatter.o ABSOLUTE
    ../clib/angel/startup.s                  0x00000000   Number         0  __main.o ABSOLUTE
    ../clib/angel/sys.s                      0x00000000   Number         0  sys_stackheap_outer.o ABSOLUTE
    ../clib/angel/sys.s                      0x00000000   Number         0  indicate_semi.o ABSOLUTE
    ../clib/angel/sys.s                      0x00000000   Number         0  use_no_semi.o ABSOLUTE
    ../clib/angel/sys.s                      0x00000000   Number         0  mutex_dummy.o ABSOLUTE
    ../clib/angel/sys.s                      0x00000000   Number         0  libspace.o ABSOLUTE
    ../clib/angel/sysapp.c                   0x00000000   Number         0  sys_exit.o ABSOLUTE
    ../clib/angel/sysapp.c                   0x00000000   Number         0  sys_wrch.o ABSOLUTE
    ../clib/angel/sysapp.c                   0x00000000   Number         0  sys_command.o ABSOLUTE
    ../clib/armsys.c                         0x00000000   Number         0  argv_veneer.o ABSOLUTE
    ../clib/armsys.c                         0x00000000   Number         0  argv_veneer.o ABSOLUTE
    ../clib/armsys.c                         0x00000000   Number         0  no_argv.o ABSOLUTE
    ../clib/armsys.c                         0x00000000   Number         0  _get_argv.o ABSOLUTE
    ../clib/armsys.c                         0x00000000   Number         0  _get_argv_nomalloc.o ABSOLUTE
    ../clib/heap1.c                          0x00000000   Number         0  h1_alloc.o ABSOLUTE
    ../clib/heap1.c                          0x00000000   Number         0  h1_final.o ABSOLUTE
    ../clib/heap1.c                          0x00000000   Number         0  h1_free_mt.o ABSOLUTE
    ../clib/heap1.c                          0x00000000   Number         0  h1_extend.o ABSOLUTE
    ../clib/heap1.c                          0x00000000   Number         0  h1_init.o ABSOLUTE
    ../clib/heap1.c                          0x00000000   Number         0  h1_init_mt.o ABSOLUTE
    ../clib/heap1.c                          0x00000000   Number         0  h1_free.o ABSOLUTE
    ../clib/heap1.c                          0x00000000   Number         0  h1_final_mt.o ABSOLUTE
    ../clib/heap1.c                          0x00000000   Number         0  h1_alloc_mt.o ABSOLUTE
    ../clib/heap1.c                          0x00000000   Number         0  h1_extend_mt.o ABSOLUTE
    ../clib/heap2.c                          0x00000000   Number         0  fdtree.o ABSOLUTE
    ../clib/heap2.c                          0x00000000   Number         0  heap2mt.o ABSOLUTE
    ../clib/heap2.c                          0x00000000   Number         0  heap2.o ABSOLUTE
    ../clib/heapalloc.c                      0x00000000   Number         0  term_alloc.o ABSOLUTE
    ../clib/heapalloc.c                      0x00000000   Number         0  maybetermalloc2.o ABSOLUTE
    ../clib/heapalloc.c                      0x00000000   Number         0  maybetermalloc1.o ABSOLUTE
    ../clib/heapalloc.c                      0x00000000   Number         0  free.o ABSOLUTE
    ../clib/heapalloc.c                      0x00000000   Number         0  maybetermalloc1.o ABSOLUTE
    ../clib/heapalloc.c                      0x00000000   Number         0  hguard.o ABSOLUTE
    ../clib/heapalloc.c                      0x00000000   Number         0  init_alloc.o ABSOLUTE
    ../clib/heapalloc.c                      0x00000000   Number         0  hrguard.o ABSOLUTE
    ../clib/heapalloc.c                      0x00000000   Number         0  heapstubs.o ABSOLUTE
    ../clib/heapalloc.c                      0x00000000   Number         0  malloc.o ABSOLUTE
    ../clib/heapalloc.c                      0x00000000   Number         0  maybetermalloc2.o ABSOLUTE
    ../clib/heapaux.c                        0x00000000   Number         0  heapauxa.o ABSOLUTE
    ../clib/heapaux.c                        0x00000000   Number         0  heapauxi.o ABSOLUTE
    ../clib/libinit.s                        0x00000000   Number         0  libinit.o ABSOLUTE
    ../clib/libinit.s                        0x00000000   Number         0  libshutdown.o ABSOLUTE
    ../clib/libinit.s                        0x00000000   Number         0  libshutdown2.o ABSOLUTE
    ../clib/libinit.s                        0x00000000   Number         0  libinit2.o ABSOLUTE
    ../clib/memcpset.s                       0x00000000   Number         0  rt_memcpy_w.o ABSOLUTE
    ../clib/signal.c                         0x00000000   Number         0  __raise.o ABSOLUTE
    ../clib/signal.c                         0x00000000   Number         0  defsig_general.o ABSOLUTE
    ../clib/signal.c                         0x00000000   Number         0  defsig_abrt_inner.o ABSOLUTE
    ../clib/signal.c                         0x00000000   Number         0  defsig_fpe_inner.o ABSOLUTE
    ../clib/signal.c                         0x00000000   Number         0  defsig_rtred_inner.o ABSOLUTE
    ../clib/signal.c                         0x00000000   Number         0  defsig_rtmem_formal.o ABSOLUTE
    ../clib/signal.c                         0x00000000   Number         0  defsig_rtmem_inner.o ABSOLUTE
    ../clib/signal.c                         0x00000000   Number         0  defsig_stak_inner.o ABSOLUTE
    ../clib/signal.c                         0x00000000   Number         0  defsig_pvfn_inner.o ABSOLUTE
    ../clib/signal.c                         0x00000000   Number         0  defsig_cppl_inner.o ABSOLUTE
    ../clib/signal.c                         0x00000000   Number         0  defsig_exit.o ABSOLUTE
    ../clib/signal.c                         0x00000000   Number         0  defsig_segv_inner.o ABSOLUTE
    ../clib/signal.c                         0x00000000   Number         0  defsig_other.o ABSOLUTE
    ../clib/signal.c                         0x00000000   Number         0  defsig_rtmem_outer.o ABSOLUTE
    ../clib/signal.s                         0x00000000   Number         0  defsig.o ABSOLUTE
    ../clib/stdlib.c                         0x00000000   Number         0  exit.o ABSOLUTE
    ../fplib/daddsub.s                       0x00000000   Number         0  daddsub_clz.o ABSOLUTE
    ../fplib/dcmpi.s                         0x00000000   Number         0  dcmpi.o ABSOLUTE
    ../fplib/dfixu.s                         0x00000000   Number         0  dfixu.o ABSOLUTE
    ../fplib/dflt.s                          0x00000000   Number         0  dflt_clz.o ABSOLUTE
    ../fplib/dleqf.s                         0x00000000   Number         0  dleqf.o ABSOLUTE
    ../fplib/dmul.s                          0x00000000   Number         0  dmul.o ABSOLUTE
    ../fplib/dnaninf.s                       0x00000000   Number         0  dnaninf.o ABSOLUTE
    ../fplib/dretinf.s                       0x00000000   Number         0  dretinf.o ABSOLUTE
    ../fplib/fpinit.s                        0x00000000   Number         0  fpinit.o ABSOLUTE
    ../fplib/usenofp.s                       0x00000000   Number         0  usenofp.o ABSOLUTE
    dc.s                                     0x00000000   Number         0  dc.o ABSOLUTE
    dev\\system_stm32l1xx.c                  0x00000000   Number         0  system_stm32l1xx.o ABSOLUTE
    dev\startup_stm32l1xx_md.s               0x00000000   Number         0  startup_stm32l1xx_md.o ABSOLUTE
    dev\system_stm32l1xx.c                   0x00000000   Number         0  system_stm32l1xx.o ABSOLUTE
    src\BUZZER.c                             0x00000000   Number         0  buzzer.o ABSOLUTE
    src\EEPROM.c                             0x00000000   Number         0  eeprom.o ABSOLUTE
    src\FLOAT.c                              0x00000000   Number         0  float.o ABSOLUTE
    src\KEY.c                                0x00000000   Number         0  key.o ABSOLUTE
    src\LED.c                                0x00000000   Number         0  led.o ABSOLUTE
    src\MENU.c                               0x00000000   Number         0  menu.o ABSOLUTE
    src\RFM69W.c                             0x00000000   Number         0  rfm69w.o ABSOLUTE
    src\SYS_TICK.c                           0x00000000   Number         0  sys_tick.o ABSOLUTE
    src\USART.c                              0x00000000   Number         0  usart.o ABSOLUTE
    src\\BUZZER.c                            0x00000000   Number         0  buzzer.o ABSOLUTE
    src\\EEPROM.c                            0x00000000   Number         0  eeprom.o ABSOLUTE
    src\\KEY.c                               0x00000000   Number         0  key.o ABSOLUTE
    src\\LED.c                               0x00000000   Number         0  led.o ABSOLUTE
    src\\MENU.c                              0x00000000   Number         0  menu.o ABSOLUTE
    src\\RFM69W.c                            0x00000000   Number         0  rfm69w.o ABSOLUTE
    src\\SYS_TICK.c                          0x00000000   Number         0  sys_tick.o ABSOLUTE
    src\\USART.c                             0x00000000   Number         0  usart.o ABSOLUTE
    src\\main.c                              0x00000000   Number         0  main.o ABSOLUTE
    src\main.c                               0x00000000   Number         0  main.o ABSOLUTE
    RESET                                    0x08000000   Section      244  startup_stm32l1xx_md.o(RESET)
    !!!main                                  0x080000f4   Section        8  __main.o(!!!main)
    !!!scatter                               0x080000fc   Section       52  __scatter.o(!!!scatter)
    !!dczerorl2                              0x08000130   Section       90  __dczerorl2.o(!!dczerorl2)
    !!handler_zi                             0x0800018c   Section       28  __scatter_zi.o(!!handler_zi)
    .ARM.Collect$$libinit$$00000000          0x080001a8   Section        2  libinit.o(.ARM.Collect$$libinit$$00000000)
    .ARM.Collect$$libinit$$00000002          0x080001aa   Section        0  libinit2.o(.ARM.Collect$$libinit$$00000002)
    .ARM.Collect$$libinit$$00000004          0x080001aa   Section        0  libinit2.o(.ARM.Collect$$libinit$$00000004)
    .ARM.Collect$$libinit$$00000005          0x080001aa   Section        8  libinit2.o(.ARM.Collect$$libinit$$00000005)
    .ARM.Collect$$libinit$$0000000A          0x080001b2   Section        0  libinit2.o(.ARM.Collect$$libinit$$0000000A)
    .ARM.Collect$$libinit$$0000000C          0x080001b2   Section        0  libinit2.o(.ARM.Collect$$libinit$$0000000C)
    .ARM.Collect$$libinit$$0000000E          0x080001b2   Section        0  libinit2.o(.ARM.Collect$$libinit$$0000000E)
    .ARM.Collect$$libinit$$00000011          0x080001b2   Section        0  libinit2.o(.ARM.Collect$$libinit$$00000011)
    .ARM.Collect$$libinit$$00000013          0x080001b2   Section        0  libinit2.o(.ARM.Collect$$libinit$$00000013)
    .ARM.Collect$$libinit$$00000015          0x080001b2   Section        0  libinit2.o(.ARM.Collect$$libinit$$00000015)
    .ARM.Collect$$libinit$$00000017          0x080001b2   Section        0  libinit2.o(.ARM.Collect$$libinit$$00000017)
    .ARM.Collect$$libinit$$00000019          0x080001b2   Section        0  libinit2.o(.ARM.Collect$$libinit$$00000019)
    .ARM.Collect$$libinit$$0000001B          0x080001b2   Section        0  libinit2.o(.ARM.Collect$$libinit$$0000001B)
    .ARM.Collect$$libinit$$0000001D          0x080001b2   Section        0  libinit2.o(.ARM.Collect$$libinit$$0000001D)
    .ARM.Collect$$libinit$$0000001F          0x080001b2   Section        0  libinit2.o(.ARM.Collect$$libinit$$0000001F)
    .ARM.Collect$$libinit$$00000021          0x080001b2   Section        0  libinit2.o(.ARM.Collect$$libinit$$00000021)
    .ARM.Collect$$libinit$$00000023          0x080001b2   Section        0  libinit2.o(.ARM.Collect$$libinit$$00000023)
    .ARM.Collect$$libinit$$00000025          0x080001b2   Section        0  libinit2.o(.ARM.Collect$$libinit$$00000025)
    .ARM.Collect$$libinit$$0000002C          0x080001b2   Section        0  libinit2.o(.ARM.Collect$$libinit$$0000002C)
    .ARM.Collect$$libinit$$0000002E          0x080001b2   Section        0  libinit2.o(.ARM.Collect$$libinit$$0000002E)
    .ARM.Collect$$libinit$$00000030          0x080001b2   Section        0  libinit2.o(.ARM.Collect$$libinit$$00000030)
    .ARM.Collect$$libinit$$00000032          0x080001b2   Section        0  libinit2.o(.ARM.Collect$$libinit$$00000032)
    .ARM.Collect$$libinit$$00000033          0x080001b2   Section        2  libinit2.o(.ARM.Collect$$libinit$$00000033)
    .ARM.Collect$$libshutdown$$00000000      0x080001b4   Section        2  libshutdown.o(.ARM.Collect$$libshutdown$$00000000)
    .ARM.Collect$$libshutdown$$00000003      0x080001b6   Section        0  libshutdown2.o(.ARM.Collect$$libshutdown$$00000003)
    .ARM.Collect$$libshutdown$$00000006      0x080001b6   Section        0  libshutdown2.o(.ARM.Collect$$libshutdown$$00000006)
    .ARM.Collect$$libshutdown$$00000009      0x080001b6   Section        0  libshutdown2.o(.ARM.Collect$$libshutdown$$00000009)
    .ARM.Collect$$libshutdown$$0000000B      0x080001b6   Section        0  libshutdown2.o(.ARM.Collect$$libshutdown$$0000000B)
    .ARM.Collect$$libshutdown$$0000000E      0x080001b6   Section        0  libshutdown2.o(.ARM.Collect$$libshutdown$$0000000E)
    .ARM.Collect$$libshutdown$$0000000F      0x080001b6   Section        2  libshutdown2.o(.ARM.Collect$$libshutdown$$0000000F)
    .ARM.Collect$$rtentry$$00000000          0x080001b8   Section        0  __rtentry.o(.ARM.Collect$$rtentry$$00000000)
    .ARM.Collect$$rtentry$$00000002          0x080001b8   Section        0  __rtentry2.o(.ARM.Collect$$rtentry$$00000002)
    .ARM.Collect$$rtentry$$00000004          0x080001b8   Section        6  __rtentry4.o(.ARM.Collect$$rtentry$$00000004)
    .ARM.Collect$$rtentry$$00000009          0x080001be   Section        0  __rtentry2.o(.ARM.Collect$$rtentry$$00000009)
    .ARM.Collect$$rtentry$$0000000A          0x080001be   Section        4  __rtentry2.o(.ARM.Collect$$rtentry$$0000000A)
    .ARM.Collect$$rtentry$$0000000C          0x080001c2   Section        0  __rtentry2.o(.ARM.Collect$$rtentry$$0000000C)
    .ARM.Collect$$rtentry$$0000000D          0x080001c2   Section        8  __rtentry2.o(.ARM.Collect$$rtentry$$0000000D)
    .ARM.Collect$$rtexit$$00000000           0x080001ca   Section        2  rtexit.o(.ARM.Collect$$rtexit$$00000000)
    .ARM.Collect$$rtexit$$00000002           0x080001cc   Section        0  rtexit2.o(.ARM.Collect$$rtexit$$00000002)
    .ARM.Collect$$rtexit$$00000003           0x080001cc   Section        4  rtexit2.o(.ARM.Collect$$rtexit$$00000003)
    .ARM.Collect$$rtexit$$00000004           0x080001d0   Section        6  rtexit2.o(.ARM.Collect$$rtexit$$00000004)
    .emb_text                                0x080001d8   Section        0  maybetermalloc1.o(.emb_text)
    .text                                    0x080001d8   Section       64  startup_stm32l1xx_md.o(.text)
    .text                                    0x08000218   Section        0  h1_alloc.o(.text)
    .text                                    0x08000276   Section        0  heapauxi.o(.text)
    .text                                    0x0800027c   Section        8  rt_heap_descriptor_intlibspace.o(.text)
    .text                                    0x08000284   Section        0  hguard.o(.text)
    .text                                    0x08000288   Section        0  init_alloc.o(.text)
    .text                                    0x08000312   Section        0  h1_init.o(.text)
    .text                                    0x08000320   Section        0  h1_free.o(.text)
    .text                                    0x08000370   Section        8  libspace.o(.text)
    .text                                    0x08000378   Section        0  h1_extend.o(.text)
    .text                                    0x080003ac   Section        0  defsig_rtmem_outer.o(.text)
    .text                                    0x080003ba   Section        2  use_no_semi.o(.text)
    .text                                    0x080003bc   Section       74  sys_stackheap_outer.o(.text)
    .text                                    0x080003bc   Section        0  indicate_semi.o(.text)
    .text                                    0x08000406   Section        0  exit.o(.text)
    .text                                    0x08000412   Section        0  defsig_exit.o(.text)
    .text                                    0x0800041c   Section        0  defsig_rtmem_inner.o(.text)
    .text                                    0x0800046c   Section        0  sys_exit.o(.text)
    .text                                    0x08000478   Section        0  defsig_general.o(.text)
    .text                                    0x080004aa   Section        0  sys_wrch.o(.text)
    i.BUZZER_GPIO_init                       0x080004b8   Section        0  buzzer.o(i.BUZZER_GPIO_init)
    i.BUZZER_PWM_init                        0x08000500   Section        0  buzzer.o(i.BUZZER_PWM_init)
    i.BUZZER_music_init                      0x08000584   Section        0  buzzer.o(i.BUZZER_music_init)
    i.BUZZER_reset_timer                     0x080005c8   Section        0  buzzer.o(i.BUZZER_reset_timer)
    i.ClrKeyb                                0x0800061c   Section        0  key.o(i.ClrKeyb)
    i.DAC_GPIO_init                          0x08000670   Section        0  buzzer.o(i.DAC_GPIO_init)
    i.DAC_LOGIC_init                         0x0800069c   Section        0  buzzer.o(i.DAC_LOGIC_init)
    i.DMA1_Channel2_IRQHandler               0x080006d4   Section        0  led.o(i.DMA1_Channel2_IRQHandler)
    i.EEPROM_SystemBackup                    0x08000714   Section        0  eeprom.o(i.EEPROM_SystemBackup)
    i.EXTI15_10_IRQHandler                   0x08000718   Section        0  rfm69w.o(i.EXTI15_10_IRQHandler)
    i.GPIO_config                            0x080007b0   Section        0  system_stm32l1xx.o(i.GPIO_config)
    i.GetKeybSample                          0x08000954   Section        0  key.o(i.GetKeybSample)
    i.GetKeys                                0x0800097c   Section        0  key.o(i.GetKeys)
    i.KEY_init                               0x080009a0   Section        0  key.o(i.KEY_init)
    i.KeybProc                               0x080009f0   Section        0  key.o(i.KeybProc)
    i.LED_set_values                         0x08000aa0   Section        0  led.o(i.LED_set_values)
    i.MENU_init                              0x08000ac4   Section        0  menu.o(i.MENU_init)
    i.NVIC_EnableIRQ                         0x08000c8c   Section        0  led.o(i.NVIC_EnableIRQ)
    NVIC_EnableIRQ                           0x08000c8d   Thumb Code    22  led.o(i.NVIC_EnableIRQ)
    i.RFM69W_GPIO_init                       0x08000ca4   Section        0  rfm69w.o(i.RFM69W_GPIO_init)
    i.RFM69W_REG_init                        0x08000d48   Section        0  rfm69w.o(i.RFM69W_REG_init)
    i.RFM69W_SPI_init                        0x08000fd4   Section        0  rfm69w.o(i.RFM69W_SPI_init)
    i.RFM69W_SPI_send_8poll                  0x08000ff8   Section        0  rfm69w.o(i.RFM69W_SPI_send_8poll)
    i.RFM69W_SPI_send_poll                   0x0800104c   Section        0  rfm69w.o(i.RFM69W_SPI_send_poll)
    i.RFM69W_SPI_set_bit                     0x08001170   Section        0  rfm69w.o(i.RFM69W_SPI_set_bit)
    i.RFM69W_encrypt                         0x08001190   Section        0  rfm69w.o(i.RFM69W_encrypt)
    i.RFM69W_init                            0x08001208   Section        0  rfm69w.o(i.RFM69W_init)
    i.RFM69W_interruptHandler                0x08001218   Section        0  rfm69w.o(i.RFM69W_interruptHandler)
    i.RFM69W_listenModeOFF                   0x080013b0   Section        0  rfm69w.o(i.RFM69W_listenModeOFF)
    i.RFM69W_listenModeON                    0x08001400   Section        0  rfm69w.o(i.RFM69W_listenModeON)
    i.RFM69W_readRSSI                        0x08001430   Section        0  rfm69w.o(i.RFM69W_readRSSI)
    i.RFM69W_receiveBegin                    0x08001468   Section        0  rfm69w.o(i.RFM69W_receiveBegin)
    i.RFM69W_reset                           0x080014a8   Section        0  rfm69w.o(i.RFM69W_reset)
    i.RFM69W_sendACK                         0x08001528   Section        0  rfm69w.o(i.RFM69W_sendACK)
    i.RFM69W_sendFrame                       0x08001584   Section        0  rfm69w.o(i.RFM69W_sendFrame)
    i.RFM69W_setMap                          0x08001738   Section        0  rfm69w.o(i.RFM69W_setMap)
    i.RFM69W_setMode                         0x08001804   Section        0  rfm69w.o(i.RFM69W_setMode)
    i.SPI1_IRQHandler                        0x080018c0   Section        0  rfm69w.o(i.SPI1_IRQHandler)
    i.SYS_TICK_init                          0x0800199c   Section        0  sys_tick.o(i.SYS_TICK_init)
    i.SYS_TICK_timeOut                       0x080019ec   Section        0  sys_tick.o(i.SYS_TICK_timeOut)
    i.SetSysClock                            0x08001a20   Section        0  system_stm32l1xx.o(i.SetSysClock)
    SetSysClock                              0x08001a21   Thumb Code   258  system_stm32l1xx.o(i.SetSysClock)
    i.SysTick_Handler                        0x08001b30   Section        0  sys_tick.o(i.SysTick_Handler)
    i.SystemInit                             0x08001b64   Section        0  system_stm32l1xx.o(i.SystemInit)
    i.TIM10_IRQHandler                       0x08001bcc   Section        0  led.o(i.TIM10_IRQHandler)
    i.TIM3_IRQHandler                        0x08001c08   Section        0  buzzer.o(i.TIM3_IRQHandler)
    i.USART1_IRQHandler                      0x08001dac   Section        0  usart.o(i.USART1_IRQHandler)
    i.USART_init                             0x08001e14   Section        0  usart.o(i.USART_init)
    i.USART_putchar                          0x08001e88   Section        0  usart.o(i.USART_putchar)
    i.USART_send                             0x08001ea4   Section        0  usart.o(i.USART_send)
    i.USART_write_buf                        0x08001eba   Section        0  usart.o(i.USART_write_buf)
    i._BUZZER_init                           0x08001f14   Section        0  buzzer.o(i._BUZZER_init)
    i._LED_blink_off                         0x08001fd0   Section        0  led.o(i._LED_blink_off)
    i._LED_blink_on                          0x08001ff0   Section        0  led.o(i._LED_blink_on)
    i._LED_init                              0x0800203c   Section        0  led.o(i._LED_init)
    i._LED_off                               0x080020ac   Section        0  led.o(i._LED_off)
    i._LED_on                                0x080020d0   Section        0  led.o(i._LED_on)
    i._LED_refresh                           0x080020f4   Section        0  led.o(i._LED_refresh)
    i._LED_set                               0x08002120   Section        0  led.o(i._LED_set)
    i._LED_set_color                         0x08002238   Section        0  led.o(i._LED_set_color)
    i._LED_set_color_list                    0x0800228c   Section        0  led.o(i._LED_set_color_list)
    i._dbl2stri                              0x080022b8   Section        0  float.o(i._dbl2stri)
    i._decimal_binary                        0x08002440   Section        0  float.o(i._decimal_binary)
    i.led_DMA_init                           0x0800246c   Section        0  led.o(i.led_DMA_init)
    i.led_bus_reset                          0x0800250c   Section        0  led.o(i.led_bus_reset)
    i.led_gpio_init                          0x0800254c   Section        0  led.o(i.led_gpio_init)
    i.led_refresh_timer_init                 0x080025a0   Section        0  led.o(i.led_refresh_timer_init)
    i.led_timer_init                         0x08002644   Section        0  led.o(i.led_timer_init)
    i.led_timer_on                           0x080026a8   Section        0  led.o(i.led_timer_on)
    i.main                                   0x080026cc   Section        0  main.o(i.main)
    i.menu_1_fun                             0x080028dc   Section        0  menu.o(i.menu_1_fun)
    i.menu_2_fun                             0x08002960   Section        0  menu.o(i.menu_2_fun)
    i.menu_3_fun                             0x08002962   Section        0  menu.o(i.menu_3_fun)
    i.menu_4_fun                             0x08002964   Section        0  menu.o(i.menu_4_fun)
    i.menu_5_fun                             0x08002966   Section        0  menu.o(i.menu_5_fun)
    i.menu_Syg_1_fun                         0x08002968   Section        0  menu.o(i.menu_Syg_1_fun)
    i.menu_Syg_2_fun                         0x080029d0   Section        0  menu.o(i.menu_Syg_2_fun)
    i.menu_Syg_3_fun                         0x08002a38   Section        0  menu.o(i.menu_Syg_3_fun)
    i.menu_Syg_4_fun                         0x08002aa0   Section        0  menu.o(i.menu_Syg_4_fun)
    i.menu_Syg_NONE_fun                      0x08002aec   Section        0  menu.o(i.menu_Syg_NONE_fun)
    i.menu_par                               0x08002b34   Section        0  menu.o(i.menu_par)
    i.reverse                                0x08002b68   Section        0  led.o(i.reverse)
    x$fpl$dadd                               0x08002b90   Section      336  daddsub_clz.o(x$fpl$dadd)
    _dadd1                                   0x08002ba1   Thumb Code     0  daddsub_clz.o(x$fpl$dadd)
    x$fpl$dcmpinf                            0x08002ce0   Section       24  dcmpi.o(x$fpl$dcmpinf)
    x$fpl$dfixu                              0x08002cf8   Section       90  dfixu.o(x$fpl$dfixu)
    x$fpl$dflt                               0x08002d52   Section       46  dflt_clz.o(x$fpl$dflt)
    x$fpl$dfltu                              0x08002d80   Section       38  dflt_clz.o(x$fpl$dfltu)
    x$fpl$dleqf                              0x08002da8   Section      120  dleqf.o(x$fpl$dleqf)
    x$fpl$dmul                               0x08002e20   Section      340  dmul.o(x$fpl$dmul)
    x$fpl$dnaninf                            0x08002f74   Section      156  dnaninf.o(x$fpl$dnaninf)
    x$fpl$dretinf                            0x08003010   Section       12  dretinf.o(x$fpl$dretinf)
    x$fpl$drsb                               0x0800301c   Section       22  daddsub_clz.o(x$fpl$drsb)
    x$fpl$dsub                               0x08003034   Section      468  daddsub_clz.o(x$fpl$dsub)
    _dsub1                                   0x08003045   Thumb Code     0  daddsub_clz.o(x$fpl$dsub)
    .constdata                               0x08003208   Section       64  float.o(.constdata)
    x$fpl$usenofp                            0x08003208   Section        0  usenofp.o(x$fpl$usenofp)
    round_nums                               0x08003208   Data          64  float.o(.constdata)
    .constdata                               0x08003248   Section       22  key.o(.constdata)
    DefaultAutoRepeatTab                     0x08003248   Data          22  key.o(.constdata)
    .data                                    0x20000000   Section       29  system_stm32l1xx.o(.data)
    .data                                    0x2000001e   Section      289  buzzer.o(.data)
    .data                                    0x20000140   Section        4  float.o(.data)
    use_leading_plus                         0x20000140   Data           4  float.o(.data)
    .data                                    0x20000144   Section       32  key.o(.data)
    keys                                     0x20000144   Data           4  key.o(.data)
    keycnt                                   0x20000148   Data           4  key.o(.data)
    keytime                                  0x2000014c   Data           4  key.o(.data)
    prevKeybSt                               0x20000150   Data           4  key.o(.data)
    arTime                                   0x20000154   Data           4  key.o(.data)
    arIndex                                  0x20000158   Data           1  key.o(.data)
    keyblock                                 0x20000159   Data           1  key.o(.data)
    _art                                     0x2000015c   Data           4  key.o(.data)
    art                                      0x20000160   Data           4  key.o(.data)
    .data                                    0x20000164   Section       43  led.o(.data)
    led_number_static                        0x2000018e   Data           1  led.o(.data)
    .data                                    0x20000190   Section       48  menu.o(.data)
    .data                                    0x200001c0   Section        5  sys_tick.o(.data)
    .bss                                     0x200001c8   Section       38  buzzer.o(.bss)
    .bss                                     0x200001ee   Section      128  float.o(.bss)
    local_bfr                                0x200001ee   Data         128  float.o(.bss)
    .bss                                     0x20000270   Section      328  led.o(.bss)
    .bss                                     0x200003b8   Section      154  rfm69w.o(.bss)
    .bss                                     0x20000452   Section     1002  usart.o(.bss)
    .bss                                     0x2000083c   Section       96  libspace.o(.bss)
    HEAP                                     0x200008a0   Section      512  startup_stm32l1xx_md.o(HEAP)
    Heap_Mem                                 0x200008a0   Data         512  startup_stm32l1xx_md.o(HEAP)
    STACK                                    0x20000aa0   Section     1024  startup_stm32l1xx_md.o(STACK)
    Stack_Mem                                0x20000aa0   Data        1024  startup_stm32l1xx_md.o(STACK)
    __initial_sp                             0x20000ea0   Data           0  startup_stm32l1xx_md.o(STACK)

    Global Symbols

    Symbol Name                              Value     Ov Type        Size  Object(Section)

    BuildAttributes$$THM_ISAv4$P$D$K$B$S$PE$A:L22UL41UL21$X:L11$S22US41US21$IEEE1$IW$USESV6$~STKCKD$USESV7$~SHL$OTIME$ROPI$EBA8$UX$STANDARDLIB$REQ8$PRES8$EABIv2 0x00000000   Number         0  anon$$obj.o ABSOLUTE
    __ARM_use_no_argv                        0x00000000   Number         0  main.o ABSOLUTE
    __ARM_exceptions_init                     - Undefined Weak Reference
    __alloca_initialize                       - Undefined Weak Reference
    __arm_preinit_                            - Undefined Weak Reference
    __cpp_initialize__aeabi_                  - Undefined Weak Reference
    __cxa_finalize                            - Undefined Weak Reference
    __rt_locale                               - Undefined Weak Reference
    __sigvec_lookup                           - Undefined Weak Reference
    __user_heap_extent                        - Undefined Weak Reference
    _atexit_init                              - Undefined Weak Reference
    _call_atexit_fns                          - Undefined Weak Reference
    _clock_init                               - Undefined Weak Reference
    _fp_trap_init                             - Undefined Weak Reference
    _fp_trap_shutdown                         - Undefined Weak Reference
    _get_lc_collate                           - Undefined Weak Reference
    _get_lc_ctype                             - Undefined Weak Reference
    _get_lc_monetary                          - Undefined Weak Reference
    _get_lc_numeric                           - Undefined Weak Reference
    _get_lc_time                              - Undefined Weak Reference
    _getenv_init                              - Undefined Weak Reference
    _handle_redirection                       - Undefined Weak Reference
    _initio                                   - Undefined Weak Reference
    _mutex_acquire                            - Undefined Weak Reference
    _mutex_free                               - Undefined Weak Reference
    _mutex_release                            - Undefined Weak Reference
    _rand_init                                - Undefined Weak Reference
    _signal_finish                            - Undefined Weak Reference
    _signal_init                              - Undefined Weak Reference
    _terminateio                              - Undefined Weak Reference
    __Vectors_Size                           0x000000f4   Number         0  startup_stm32l1xx_md.o ABSOLUTE
    __Vectors                                0x08000000   Data           4  startup_stm32l1xx_md.o(RESET)
    __Vectors_End                            0x080000f4   Data           0  startup_stm32l1xx_md.o(RESET)
    __main                                   0x080000f5   Thumb Code     8  __main.o(!!!main)
    __scatterload                            0x080000fd   Thumb Code     0  __scatter.o(!!!scatter)
    __scatterload_rt2                        0x080000fd   Thumb Code    44  __scatter.o(!!!scatter)
    __scatterload_rt2_thumb_only             0x080000fd   Thumb Code     0  __scatter.o(!!!scatter)
    __scatterload_null                       0x0800010b   Thumb Code     0  __scatter.o(!!!scatter)
    __decompress                             0x08000131   Thumb Code    90  __dczerorl2.o(!!dczerorl2)
    __decompress1                            0x08000131   Thumb Code     0  __dczerorl2.o(!!dczerorl2)
    __scatterload_zeroinit                   0x0800018d   Thumb Code    28  __scatter_zi.o(!!handler_zi)
    __rt_lib_init                            0x080001a9   Thumb Code     0  libinit.o(.ARM.Collect$$libinit$$00000000)
    __rt_lib_init_fp_1                       0x080001ab   Thumb Code     0  libinit2.o(.ARM.Collect$$libinit$$00000002)
    __rt_lib_init_heap_2                     0x080001ab   Thumb Code     0  libinit2.o(.ARM.Collect$$libinit$$00000005)
    __rt_lib_init_preinit_1                  0x080001ab   Thumb Code     0  libinit2.o(.ARM.Collect$$libinit$$00000004)
    __rt_lib_init_alloca_1                   0x080001b3   Thumb Code     0  libinit2.o(.ARM.Collect$$libinit$$0000002E)
    __rt_lib_init_argv_1                     0x080001b3   Thumb Code     0  libinit2.o(.ARM.Collect$$libinit$$0000002C)
    __rt_lib_init_atexit_1                   0x080001b3   Thumb Code     0  libinit2.o(.ARM.Collect$$libinit$$0000001B)
    __rt_lib_init_clock_1                    0x080001b3   Thumb Code     0  libinit2.o(.ARM.Collect$$libinit$$00000021)
    __rt_lib_init_cpp_1                      0x080001b3   Thumb Code     0  libinit2.o(.ARM.Collect$$libinit$$00000032)
    __rt_lib_init_exceptions_1               0x080001b3   Thumb Code     0  libinit2.o(.ARM.Collect$$libinit$$00000030)
    __rt_lib_init_fp_trap_1                  0x080001b3   Thumb Code     0  libinit2.o(.ARM.Collect$$libinit$$0000001F)
    __rt_lib_init_getenv_1                   0x080001b3   Thumb Code     0  libinit2.o(.ARM.Collect$$libinit$$00000023)
    __rt_lib_init_heap_1                     0x080001b3   Thumb Code     0  libinit2.o(.ARM.Collect$$libinit$$0000000A)
    __rt_lib_init_lc_collate_1               0x080001b3   Thumb Code     0  libinit2.o(.ARM.Collect$$libinit$$00000011)
    __rt_lib_init_lc_ctype_1                 0x080001b3   Thumb Code     0  libinit2.o(.ARM.Collect$$libinit$$00000013)
    __rt_lib_init_lc_monetary_1              0x080001b3   Thumb Code     0  libinit2.o(.ARM.Collect$$libinit$$00000015)
    __rt_lib_init_lc_numeric_1               0x080001b3   Thumb Code     0  libinit2.o(.ARM.Collect$$libinit$$00000017)
    __rt_lib_init_lc_time_1                  0x080001b3   Thumb Code     0  libinit2.o(.ARM.Collect$$libinit$$00000019)
    __rt_lib_init_rand_1                     0x080001b3   Thumb Code     0  libinit2.o(.ARM.Collect$$libinit$$0000000E)
    __rt_lib_init_return                     0x080001b3   Thumb Code     0  libinit2.o(.ARM.Collect$$libinit$$00000033)
    __rt_lib_init_signal_1                   0x080001b3   Thumb Code     0  libinit2.o(.ARM.Collect$$libinit$$0000001D)
    __rt_lib_init_stdio_1                    0x080001b3   Thumb Code     0  libinit2.o(.ARM.Collect$$libinit$$00000025)
    __rt_lib_init_user_alloc_1               0x080001b3   Thumb Code     0  libinit2.o(.ARM.Collect$$libinit$$0000000C)
    __rt_lib_shutdown                        0x080001b5   Thumb Code     0  libshutdown.o(.ARM.Collect$$libshutdown$$00000000)
    __rt_lib_shutdown_fp_trap_1              0x080001b7   Thumb Code     0  libshutdown2.o(.ARM.Collect$$libshutdown$$00000006)
    __rt_lib_shutdown_heap_1                 0x080001b7   Thumb Code     0  libshutdown2.o(.ARM.Collect$$libshutdown$$0000000E)
    __rt_lib_shutdown_return                 0x080001b7   Thumb Code     0  libshutdown2.o(.ARM.Collect$$libshutdown$$0000000F)
    __rt_lib_shutdown_signal_1               0x080001b7   Thumb Code     0  libshutdown2.o(.ARM.Collect$$libshutdown$$00000009)
    __rt_lib_shutdown_stdio_1                0x080001b7   Thumb Code     0  libshutdown2.o(.ARM.Collect$$libshutdown$$00000003)
    __rt_lib_shutdown_user_alloc_1           0x080001b7   Thumb Code     0  libshutdown2.o(.ARM.Collect$$libshutdown$$0000000B)
    __rt_entry                               0x080001b9   Thumb Code     0  __rtentry.o(.ARM.Collect$$rtentry$$00000000)
    __rt_entry_presh_1                       0x080001b9   Thumb Code     0  __rtentry2.o(.ARM.Collect$$rtentry$$00000002)
    __rt_entry_sh                            0x080001b9   Thumb Code     0  __rtentry4.o(.ARM.Collect$$rtentry$$00000004)
    __rt_entry_li                            0x080001bf   Thumb Code     0  __rtentry2.o(.ARM.Collect$$rtentry$$0000000A)
    __rt_entry_postsh_1                      0x080001bf   Thumb Code     0  __rtentry2.o(.ARM.Collect$$rtentry$$00000009)
    __rt_entry_main                          0x080001c3   Thumb Code     0  __rtentry2.o(.ARM.Collect$$rtentry$$0000000D)
    __rt_entry_postli_1                      0x080001c3   Thumb Code     0  __rtentry2.o(.ARM.Collect$$rtentry$$0000000C)
    __rt_exit                                0x080001cb   Thumb Code     0  rtexit.o(.ARM.Collect$$rtexit$$00000000)
    __rt_exit_ls                             0x080001cd   Thumb Code     0  rtexit2.o(.ARM.Collect$$rtexit$$00000003)
    __rt_exit_prels_1                        0x080001cd   Thumb Code     0  rtexit2.o(.ARM.Collect$$rtexit$$00000002)
    __rt_exit_exit                           0x080001d1   Thumb Code     0  rtexit2.o(.ARM.Collect$$rtexit$$00000004)
    Reset_Handler                            0x080001d9   Thumb Code     8  startup_stm32l1xx_md.o(.text)
    _maybe_terminate_alloc                   0x080001d9   Thumb Code     0  maybetermalloc1.o(.emb_text)
    NMI_Handler                              0x080001e1   Thumb Code     2  startup_stm32l1xx_md.o(.text)
    HardFault_Handler                        0x080001e3   Thumb Code     2  startup_stm32l1xx_md.o(.text)
    MemManage_Handler                        0x080001e5   Thumb Code     2  startup_stm32l1xx_md.o(.text)
    BusFault_Handler                         0x080001e7   Thumb Code     2  startup_stm32l1xx_md.o(.text)
    UsageFault_Handler                       0x080001e9   Thumb Code     2  startup_stm32l1xx_md.o(.text)
    SVC_Handler                              0x080001eb   Thumb Code     2  startup_stm32l1xx_md.o(.text)
    DebugMon_Handler                         0x080001ed   Thumb Code     2  startup_stm32l1xx_md.o(.text)
    PendSV_Handler                           0x080001ef   Thumb Code     2  startup_stm32l1xx_md.o(.text)
    ADC1_IRQHandler                          0x080001f3   Thumb Code     0  startup_stm32l1xx_md.o(.text)
    COMP_IRQHandler                          0x080001f3   Thumb Code     0  startup_stm32l1xx_md.o(.text)
    DAC_IRQHandler                           0x080001f3   Thumb Code     0  startup_stm32l1xx_md.o(.text)
    DMA1_Channel1_IRQHandler                 0x080001f3   Thumb Code     0  startup_stm32l1xx_md.o(.text)
    DMA1_Channel3_IRQHandler                 0x080001f3   Thumb Code     0  startup_stm32l1xx_md.o(.text)
    DMA1_Channel4_IRQHandler                 0x080001f3   Thumb Code     0  startup_stm32l1xx_md.o(.text)
    DMA1_Channel5_IRQHandler                 0x080001f3   Thumb Code     0  startup_stm32l1xx_md.o(.text)
    DMA1_Channel6_IRQHandler                 0x080001f3   Thumb Code     0  startup_stm32l1xx_md.o(.text)
    DMA1_Channel7_IRQHandler                 0x080001f3   Thumb Code     0  startup_stm32l1xx_md.o(.text)
    EXTI0_IRQHandler                         0x080001f3   Thumb Code     0  startup_stm32l1xx_md.o(.text)
    EXTI1_IRQHandler                         0x080001f3   Thumb Code     0  startup_stm32l1xx_md.o(.text)
    EXTI2_IRQHandler                         0x080001f3   Thumb Code     0  startup_stm32l1xx_md.o(.text)
    EXTI3_IRQHandler                         0x080001f3   Thumb Code     0  startup_stm32l1xx_md.o(.text)
    EXTI4_IRQHandler                         0x080001f3   Thumb Code     0  startup_stm32l1xx_md.o(.text)
    EXTI9_5_IRQHandler                       0x080001f3   Thumb Code     0  startup_stm32l1xx_md.o(.text)
    FLASH_IRQHandler                         0x080001f3   Thumb Code     0  startup_stm32l1xx_md.o(.text)
    I2C1_ER_IRQHandler                       0x080001f3   Thumb Code     0  startup_stm32l1xx_md.o(.text)
    I2C1_EV_IRQHandler                       0x080001f3   Thumb Code     0  startup_stm32l1xx_md.o(.text)
    I2C2_ER_IRQHandler                       0x080001f3   Thumb Code     0  startup_stm32l1xx_md.o(.text)
    I2C2_EV_IRQHandler                       0x080001f3   Thumb Code     0  startup_stm32l1xx_md.o(.text)
    LCD_IRQHandler                           0x080001f3   Thumb Code     0  startup_stm32l1xx_md.o(.text)
    PVD_IRQHandler                           0x080001f3   Thumb Code     0  startup_stm32l1xx_md.o(.text)
    RCC_IRQHandler                           0x080001f3   Thumb Code     0  startup_stm32l1xx_md.o(.text)
    RTC_Alarm_IRQHandler                     0x080001f3   Thumb Code     0  startup_stm32l1xx_md.o(.text)
    RTC_WKUP_IRQHandler                      0x080001f3   Thumb Code     0  startup_stm32l1xx_md.o(.text)
    SPI2_IRQHandler                          0x080001f3   Thumb Code     0  startup_stm32l1xx_md.o(.text)
    TAMPER_STAMP_IRQHandler                  0x080001f3   Thumb Code     0  startup_stm32l1xx_md.o(.text)
    TIM11_IRQHandler                         0x080001f3   Thumb Code     0  startup_stm32l1xx_md.o(.text)
    TIM2_IRQHandler                          0x080001f3   Thumb Code     0  startup_stm32l1xx_md.o(.text)
    TIM4_IRQHandler                          0x080001f3   Thumb Code     0  startup_stm32l1xx_md.o(.text)
    TIM6_IRQHandler                          0x080001f3   Thumb Code     0  startup_stm32l1xx_md.o(.text)
    TIM7_IRQHandler                          0x080001f3   Thumb Code     0  startup_stm32l1xx_md.o(.text)
    TIM9_IRQHandler                          0x080001f3   Thumb Code     0  startup_stm32l1xx_md.o(.text)
    USART2_IRQHandler                        0x080001f3   Thumb Code     0  startup_stm32l1xx_md.o(.text)
    USART3_IRQHandler                        0x080001f3   Thumb Code     0  startup_stm32l1xx_md.o(.text)
    USB_FS_WKUP_IRQHandler                   0x080001f3   Thumb Code     0  startup_stm32l1xx_md.o(.text)
    USB_HP_IRQHandler                        0x080001f3   Thumb Code     0  startup_stm32l1xx_md.o(.text)
    USB_LP_IRQHandler                        0x080001f3   Thumb Code     0  startup_stm32l1xx_md.o(.text)
    WWDG_IRQHandler                          0x080001f3   Thumb Code     0  startup_stm32l1xx_md.o(.text)
    __user_initial_stackheap                 0x080001f5   Thumb Code     0  startup_stm32l1xx_md.o(.text)
    malloc                                   0x08000219   Thumb Code    94  h1_alloc.o(.text)
    __use_two_region_memory                  0x08000277   Thumb Code     2  heapauxi.o(.text)
    __rt_heap_escrow                         0x08000279   Thumb Code     2  heapauxi.o(.text)
    __rt_heap_expand                         0x0800027b   Thumb Code     2  heapauxi.o(.text)
    __rt_heap_descriptor                     0x0800027d   Thumb Code     8  rt_heap_descriptor_intlibspace.o(.text)
    __use_no_heap                            0x08000285   Thumb Code     2  hguard.o(.text)
    __heap$guard                             0x08000287   Thumb Code     2  hguard.o(.text)
    _terminate_user_alloc                    0x08000289   Thumb Code     2  init_alloc.o(.text)
    _init_user_alloc                         0x0800028b   Thumb Code     2  init_alloc.o(.text)
    __Heap_Full                              0x0800028d   Thumb Code    34  init_alloc.o(.text)
    __Heap_Broken                            0x080002af   Thumb Code     6  init_alloc.o(.text)
    _init_alloc                              0x080002b5   Thumb Code    94  init_alloc.o(.text)
    __Heap_Initialize                        0x08000313   Thumb Code    10  h1_init.o(.text)
    __Heap_DescSize                          0x0800031d   Thumb Code     4  h1_init.o(.text)
    free                                     0x08000321   Thumb Code    78  h1_free.o(.text)
    __user_libspace                          0x08000371   Thumb Code     8  libspace.o(.text)
    __user_perproc_libspace                  0x08000371   Thumb Code     0  libspace.o(.text)
    __user_perthread_libspace                0x08000371   Thumb Code     0  libspace.o(.text)
    __Heap_ProvideMemory                     0x08000379   Thumb Code    52  h1_extend.o(.text)
    __rt_SIGRTMEM                            0x080003ad   Thumb Code    14  defsig_rtmem_outer.o(.text)
    __I$use$semihosting                      0x080003bb   Thumb Code     0  use_no_semi.o(.text)
    __use_no_semihosting_swi                 0x080003bb   Thumb Code     2  use_no_semi.o(.text)
    __semihosting_library_function           0x080003bd   Thumb Code     0  indicate_semi.o(.text)
    __user_setup_stackheap                   0x080003bd   Thumb Code    74  sys_stackheap_outer.o(.text)
    exit                                     0x08000407   Thumb Code    12  exit.o(.text)
    __sig_exit                               0x08000413   Thumb Code    10  defsig_exit.o(.text)
    __rt_SIGRTMEM_inner                      0x0800041d   Thumb Code    22  defsig_rtmem_inner.o(.text)
    _sys_exit                                0x0800046d   Thumb Code     8  sys_exit.o(.text)
    __default_signal_display                 0x08000479   Thumb Code    50  defsig_general.o(.text)
    _ttywrch                                 0x080004ab   Thumb Code    14  sys_wrch.o(.text)
    BUZZER_GPIO_init                         0x080004b9   Thumb Code    62  buzzer.o(i.BUZZER_GPIO_init)
    BUZZER_PWM_init                          0x08000501   Thumb Code   124  buzzer.o(i.BUZZER_PWM_init)
    BUZZER_music_init                        0x08000585   Thumb Code    40  buzzer.o(i.BUZZER_music_init)
    BUZZER_reset_timer                       0x080005c9   Thumb Code    70  buzzer.o(i.BUZZER_reset_timer)
    ClrKeyb                                  0x0800061d   Thumb Code    50  key.o(i.ClrKeyb)
    DAC_GPIO_init                            0x08000671   Thumb Code    36  buzzer.o(i.DAC_GPIO_init)
    DAC_LOGIC_init                           0x0800069d   Thumb Code    46  buzzer.o(i.DAC_LOGIC_init)
    DMA1_Channel2_IRQHandler                 0x080006d5   Thumb Code    56  led.o(i.DMA1_Channel2_IRQHandler)
    EEPROM_SystemBackup                      0x08000715   Thumb Code     2  eeprom.o(i.EEPROM_SystemBackup)
    EXTI15_10_IRQHandler                     0x08000719   Thumb Code   108  rfm69w.o(i.EXTI15_10_IRQHandler)
    GPIO_config                              0x080007b1   Thumb Code   402  system_stm32l1xx.o(i.GPIO_config)
    GetKeybSample                            0x08000955   Thumb Code    34  key.o(i.GetKeybSample)
    GetKeys                                  0x0800097d   Thumb Code    26  key.o(i.GetKeys)
    KEY_init                                 0x080009a1   Thumb Code    76  key.o(i.KEY_init)
    KeybProc                                 0x080009f1   Thumb Code   138  key.o(i.KeybProc)
    LED_set_values                           0x08000aa1   Thumb Code    32  led.o(i.LED_set_values)
    MENU_init                                0x08000ac5   Thumb Code   372  menu.o(i.MENU_init)
    RFM69W_GPIO_init                         0x08000ca5   Thumb Code   152  rfm69w.o(i.RFM69W_GPIO_init)
    RFM69W_REG_init                          0x08000d49   Thumb Code   606  rfm69w.o(i.RFM69W_REG_init)
    RFM69W_SPI_init                          0x08000fd5   Thumb Code    28  rfm69w.o(i.RFM69W_SPI_init)
    RFM69W_SPI_send_8poll                    0x08000ff9   Thumb Code    78  rfm69w.o(i.RFM69W_SPI_send_8poll)
    RFM69W_SPI_send_poll                     0x0800104d   Thumb Code   282  rfm69w.o(i.RFM69W_SPI_send_poll)
    RFM69W_SPI_set_bit                       0x08001171   Thumb Code    32  rfm69w.o(i.RFM69W_SPI_set_bit)
    RFM69W_encrypt                           0x08001191   Thumb Code   112  rfm69w.o(i.RFM69W_encrypt)
    RFM69W_init                              0x08001209   Thumb Code    16  rfm69w.o(i.RFM69W_init)
    RFM69W_interruptHandler                  0x08001219   Thumb Code   300  rfm69w.o(i.RFM69W_interruptHandler)
    RFM69W_listenModeOFF                     0x080013b1   Thumb Code    60  rfm69w.o(i.RFM69W_listenModeOFF)
    RFM69W_listenModeON                      0x08001401   Thumb Code    26  rfm69w.o(i.RFM69W_listenModeON)
    RFM69W_readRSSI                          0x08001431   Thumb Code    56  rfm69w.o(i.RFM69W_readRSSI)
    RFM69W_receiveBegin                      0x08001469   Thumb Code    60  rfm69w.o(i.RFM69W_receiveBegin)
    RFM69W_reset                             0x080014a9   Thumb Code   102  rfm69w.o(i.RFM69W_reset)
    RFM69W_sendACK                           0x08001529   Thumb Code    68  rfm69w.o(i.RFM69W_sendACK)
    RFM69W_sendFrame                         0x08001585   Thumb Code   308  rfm69w.o(i.RFM69W_sendFrame)
    RFM69W_setMap                            0x08001739   Thumb Code   204  rfm69w.o(i.RFM69W_setMap)
    RFM69W_setMode                           0x08001805   Thumb Code   184  rfm69w.o(i.RFM69W_setMode)
    SPI1_IRQHandler                          0x080018c1   Thumb Code   206  rfm69w.o(i.SPI1_IRQHandler)
    SYS_TICK_init                            0x0800199d   Thumb Code    70  sys_tick.o(i.SYS_TICK_init)
    SYS_TICK_timeOut                         0x080019ed   Thumb Code    46  sys_tick.o(i.SYS_TICK_timeOut)
    SysTick_Handler                          0x08001b31   Thumb Code    42  sys_tick.o(i.SysTick_Handler)
    SystemInit                               0x08001b65   Thumb Code    88  system_stm32l1xx.o(i.SystemInit)
    TIM10_IRQHandler                         0x08001bcd   Thumb Code    46  led.o(i.TIM10_IRQHandler)
    TIM3_IRQHandler                          0x08001c09   Thumb Code   396  buzzer.o(i.TIM3_IRQHandler)
    USART1_IRQHandler                        0x08001dad   Thumb Code    94  usart.o(i.USART1_IRQHandler)
    USART_init                               0x08001e15   Thumb Code   104  usart.o(i.USART_init)
    USART_putchar                            0x08001e89   Thumb Code    22  usart.o(i.USART_putchar)
    USART_send                               0x08001ea5   Thumb Code    22  usart.o(i.USART_send)
    USART_write_buf                          0x08001ebb   Thumb Code    88  usart.o(i.USART_write_buf)
    _BUZZER_init                             0x08001f15   Thumb Code   170  buzzer.o(i._BUZZER_init)
    _LED_blink_off                           0x08001fd1   Thumb Code    24  led.o(i._LED_blink_off)
    _LED_blink_on                            0x08001ff1   Thumb Code    66  led.o(i._LED_blink_on)
    _LED_init                                0x0800203d   Thumb Code    86  led.o(i._LED_init)
    _LED_off                                 0x080020ad   Thumb Code    30  led.o(i._LED_off)
    _LED_on                                  0x080020d1   Thumb Code    32  led.o(i._LED_on)
    _LED_refresh                             0x080020f5   Thumb Code    34  led.o(i._LED_refresh)
    _LED_set                                 0x08002121   Thumb Code   256  led.o(i._LED_set)
    _LED_set_color                           0x08002239   Thumb Code    82  led.o(i._LED_set_color)
    _LED_set_color_list                      0x0800228d   Thumb Code    38  led.o(i._LED_set_color_list)
    _dbl2stri                                0x080022b9   Thumb Code   374  float.o(i._dbl2stri)
    _decimal_binary                          0x08002441   Thumb Code    44  float.o(i._decimal_binary)
    led_DMA_init                             0x0800246d   Thumb Code   138  led.o(i.led_DMA_init)
    led_bus_reset                            0x0800250d   Thumb Code    54  led.o(i.led_bus_reset)
    led_gpio_init                            0x0800254d   Thumb Code    74  led.o(i.led_gpio_init)
    led_refresh_timer_init                   0x080025a1   Thumb Code   152  led.o(i.led_refresh_timer_init)
    led_timer_init                           0x08002645   Thumb Code    96  led.o(i.led_timer_init)
    led_timer_on                             0x080026a9   Thumb Code    32  led.o(i.led_timer_on)
    main                                     0x080026cd   Thumb Code   382  main.o(i.main)
    menu_1_fun                               0x080028dd   Thumb Code   112  menu.o(i.menu_1_fun)
    menu_2_fun                               0x08002961   Thumb Code     2  menu.o(i.menu_2_fun)
    menu_3_fun                               0x08002963   Thumb Code     2  menu.o(i.menu_3_fun)
    menu_4_fun                               0x08002965   Thumb Code     2  menu.o(i.menu_4_fun)
    menu_5_fun                               0x08002967   Thumb Code     2  menu.o(i.menu_5_fun)
    menu_Syg_1_fun                           0x08002969   Thumb Code    90  menu.o(i.menu_Syg_1_fun)
    menu_Syg_2_fun                           0x080029d1   Thumb Code    90  menu.o(i.menu_Syg_2_fun)
    menu_Syg_3_fun                           0x08002a39   Thumb Code    90  menu.o(i.menu_Syg_3_fun)
    menu_Syg_4_fun                           0x08002aa1   Thumb Code    72  menu.o(i.menu_Syg_4_fun)
    menu_Syg_NONE_fun                        0x08002aed   Thumb Code    60  menu.o(i.menu_Syg_NONE_fun)
    menu_par                                 0x08002b35   Thumb Code    32  menu.o(i.menu_par)
    reverse                                  0x08002b69   Thumb Code    40  led.o(i.reverse)
    __aeabi_dadd                             0x08002b91   Thumb Code     0  daddsub_clz.o(x$fpl$dadd)
    _dadd                                    0x08002b91   Thumb Code   332  daddsub_clz.o(x$fpl$dadd)
    __fpl_dcmp_Inf                           0x08002ce1   Thumb Code    24  dcmpi.o(x$fpl$dcmpinf)
    __aeabi_d2uiz                            0x08002cf9   Thumb Code     0  dfixu.o(x$fpl$dfixu)
    _dfixu                                   0x08002cf9   Thumb Code    90  dfixu.o(x$fpl$dfixu)
    __aeabi_i2d                              0x08002d53   Thumb Code     0  dflt_clz.o(x$fpl$dflt)
    _dflt                                    0x08002d53   Thumb Code    46  dflt_clz.o(x$fpl$dflt)
    __aeabi_ui2d                             0x08002d81   Thumb Code     0  dflt_clz.o(x$fpl$dfltu)
    _dfltu                                   0x08002d81   Thumb Code    38  dflt_clz.o(x$fpl$dfltu)
    __aeabi_cdcmple                          0x08002da9   Thumb Code     0  dleqf.o(x$fpl$dleqf)
    _dcmple                                  0x08002da9   Thumb Code   120  dleqf.o(x$fpl$dleqf)
    __fpl_dcmple_InfNaN                      0x08002e0b   Thumb Code     0  dleqf.o(x$fpl$dleqf)
    __aeabi_dmul                             0x08002e21   Thumb Code     0  dmul.o(x$fpl$dmul)
    _dmul                                    0x08002e21   Thumb Code   332  dmul.o(x$fpl$dmul)
    __fpl_dnaninf                            0x08002f75   Thumb Code   156  dnaninf.o(x$fpl$dnaninf)
    __fpl_dretinf                            0x08003011   Thumb Code    12  dretinf.o(x$fpl$dretinf)
    __aeabi_drsub                            0x0800301d   Thumb Code     0  daddsub_clz.o(x$fpl$drsb)
    _drsb                                    0x0800301d   Thumb Code    22  daddsub_clz.o(x$fpl$drsb)
    __aeabi_dsub                             0x08003035   Thumb Code     0  daddsub_clz.o(x$fpl$dsub)
    _dsub                                    0x08003035   Thumb Code   464  daddsub_clz.o(x$fpl$dsub)
    __I$use$fp                               0x08003208   Number         0  usenofp.o(x$fpl$usenofp)
    Region$$Table$$Base                      0x08003260   Number         0  anon$$obj.o(Region$$Table)
    Region$$Table$$Limit                     0x08003280   Number         0  anon$$obj.o(Region$$Table)
    SystemCoreClock                          0x20000000   Data           4  system_stm32l1xx.o(.data)
    PLLMulTable                              0x20000004   Data           9  system_stm32l1xx.o(.data)
    AHBPrescTable                            0x2000000d   Data          16  system_stm32l1xx.o(.data)
    beep                                     0x2000001e   Data           8  buzzer.o(.data)
    BUZZER_mode                              0x20000026   Data           1  buzzer.o(.data)
    BUZZER_AlarmTones                        0x20000027   Data          12  buzzer.o(.data)
    BUZZER_AlarmVols                         0x20000033   Data           6  buzzer.o(.data)
    BUZZER_AlarmTempos                       0x2000003a   Data          20  buzzer.o(.data)
    music_0_tempo                            0x2000004e   Data          10  buzzer.o(.data)
    music_0_tone                             0x20000058   Data           5  buzzer.o(.data)
    music_1_tempo                            0x2000005e   Data          92  buzzer.o(.data)
    music_1_tone                             0x200000ba   Data          46  buzzer.o(.data)
    music_2_tempo                            0x200000e8   Data          58  buzzer.o(.data)
    music_2_tone                             0x20000122   Data          29  buzzer.o(.data)
    i                                        0x20000164   Data           1  led.o(.data)
    led_current_animation                    0x20000165   Data           1  led.o(.data)
    animation_step                           0x20000166   Data           1  led.o(.data)
    led_animate_brightness                   0x20000167   Data           1  led.o(.data)
    led_brightness_temp                      0x20000168   Data           1  led.o(.data)
    LED_blinking_state                       0x20000169   Data           1  led.o(.data)
    led_blink_status                         0x2000016a   Data           5  led.o(.data)
    led_brightness_coeff                     0x2000016f   Data           1  led.o(.data)
    led_colors                               0x20000170   Data          21  led.o(.data)
    led_brightness                           0x20000185   Data           7  led.o(.data)
    _LED_dma_flag                            0x2000018c   Data           1  led.o(.data)
    _LED_refresh_flag                        0x2000018d   Data           1  led.o(.data)
    Syg_qnt                                  0x20000190   Data           1  menu.o(.data)
    _Syg_NONE_menu                           0x20000194   Data           4  menu.o(.data)
    _Syg_1_menu                              0x20000198   Data           4  menu.o(.data)
    _Syg_2_menu                              0x2000019c   Data           4  menu.o(.data)
    _Syg_3_menu                              0x200001a0   Data           4  menu.o(.data)
    _Syg_4_menu                              0x200001a4   Data           4  menu.o(.data)
    _1_menu                                  0x200001a8   Data           4  menu.o(.data)
    _2_menu                                  0x200001ac   Data           4  menu.o(.data)
    _3_menu                                  0x200001b0   Data           4  menu.o(.data)
    _4_menu                                  0x200001b4   Data           4  menu.o(.data)
    _5_menu                                  0x200001b8   Data           4  menu.o(.data)
    _actual                                  0x200001bc   Data           4  menu.o(.data)
    _milis                                   0x200001c0   Data           4  sys_tick.o(.data)
    _cnt                                     0x200001c4   Data           1  sys_tick.o(.data)
    music                                    0x200001c8   Data          28  buzzer.o(.bss)
    alarm                                    0x200001e4   Data          10  buzzer.o(.bss)
    temp_value                               0x20000270   Data          48  led.o(.bss)
    led                                      0x200002a0   Data         240  led.o(.bss)
    led_state                                0x20000390   Data          20  led.o(.bss)
    led_state_temp                           0x200003a4   Data          20  led.o(.bss)
    RFM69W_FIFO                              0x200003b8   Data          82  rfm69w.o(.bss)
    RFM69W_Data                              0x2000040a   Data          72  rfm69w.o(.bss)
    USART_FIFO                               0x20000452   Data        1002  usart.o(.bss)
    __libspace_start                         0x2000083c   Data          96  libspace.o(.bss)
    __temporary_stack_top$libspace           0x2000089c   Data           0  libspace.o(.bss)



==============================================================================

Memory Map of the image

  Image Entry point : 0x080001d9

  Load Region LR_1 (Base: 0x08000000, Size: 0x00003448, Max: 0xffffffff, ABSOLUTE, COMPRESSED[0x00003348])

    Execution Region ER_RO (Base: 0x08000000, Size: 0x00003280, Max: 0xffffffff, ABSOLUTE)

    Base Addr    Size         Type   Attr      Idx    E Section Name        Object

    0x08000000   0x000000f4   Data   RO            3    RESET               startup_stm32l1xx_md.o
    0x080000f4   0x00000008   Code   RO         1182  * !!!main             c_w.l(__main.o)
    0x080000fc   0x00000034   Code   RO         1419    !!!scatter          c_w.l(__scatter.o)
    0x08000130   0x0000005a   Code   RO         1417    !!dczerorl2         c_w.l(__dczerorl2.o)
    0x0800018a   0x00000002   PAD
    0x0800018c   0x0000001c   Code   RO         1421    !!handler_zi        c_w.l(__scatter_zi.o)
    0x080001a8   0x00000002   Code   RO         1357    .ARM.Collect$$libinit$$00000000  c_w.l(libinit.o)
    0x080001aa   0x00000000   Code   RO         1243    .ARM.Collect$$libinit$$00000002  c_w.l(libinit2.o)
    0x080001aa   0x00000000   Code   RO         1245    .ARM.Collect$$libinit$$00000004  c_w.l(libinit2.o)
    0x080001aa   0x00000008   Code   RO         1246    .ARM.Collect$$libinit$$00000005  c_w.l(libinit2.o)
    0x080001b2   0x00000000   Code   RO         1248    .ARM.Collect$$libinit$$0000000A  c_w.l(libinit2.o)
    0x080001b2   0x00000000   Code   RO         1250    .ARM.Collect$$libinit$$0000000C  c_w.l(libinit2.o)
    0x080001b2   0x00000000   Code   RO         1252    .ARM.Collect$$libinit$$0000000E  c_w.l(libinit2.o)
    0x080001b2   0x00000000   Code   RO         1255    .ARM.Collect$$libinit$$00000011  c_w.l(libinit2.o)
    0x080001b2   0x00000000   Code   RO         1257    .ARM.Collect$$libinit$$00000013  c_w.l(libinit2.o)
    0x080001b2   0x00000000   Code   RO         1259    .ARM.Collect$$libinit$$00000015  c_w.l(libinit2.o)
    0x080001b2   0x00000000   Code   RO         1261    .ARM.Collect$$libinit$$00000017  c_w.l(libinit2.o)
    0x080001b2   0x00000000   Code   RO         1263    .ARM.Collect$$libinit$$00000019  c_w.l(libinit2.o)
    0x080001b2   0x00000000   Code   RO         1265    .ARM.Collect$$libinit$$0000001B  c_w.l(libinit2.o)
    0x080001b2   0x00000000   Code   RO         1267    .ARM.Collect$$libinit$$0000001D  c_w.l(libinit2.o)
    0x080001b2   0x00000000   Code   RO         1269    .ARM.Collect$$libinit$$0000001F  c_w.l(libinit2.o)
    0x080001b2   0x00000000   Code   RO         1271    .ARM.Collect$$libinit$$00000021  c_w.l(libinit2.o)
    0x080001b2   0x00000000   Code   RO         1273    .ARM.Collect$$libinit$$00000023  c_w.l(libinit2.o)
    0x080001b2   0x00000000   Code   RO         1275    .ARM.Collect$$libinit$$00000025  c_w.l(libinit2.o)
    0x080001b2   0x00000000   Code   RO         1279    .ARM.Collect$$libinit$$0000002C  c_w.l(libinit2.o)
    0x080001b2   0x00000000   Code   RO         1281    .ARM.Collect$$libinit$$0000002E  c_w.l(libinit2.o)
    0x080001b2   0x00000000   Code   RO         1283    .ARM.Collect$$libinit$$00000030  c_w.l(libinit2.o)
    0x080001b2   0x00000000   Code   RO         1285    .ARM.Collect$$libinit$$00000032  c_w.l(libinit2.o)
    0x080001b2   0x00000002   Code   RO         1286    .ARM.Collect$$libinit$$00000033  c_w.l(libinit2.o)
    0x080001b4   0x00000002   Code   RO         1414    .ARM.Collect$$libshutdown$$00000000  c_w.l(libshutdown.o)
    0x080001b6   0x00000000   Code   RO         1372    .ARM.Collect$$libshutdown$$00000003  c_w.l(libshutdown2.o)
    0x080001b6   0x00000000   Code   RO         1375    .ARM.Collect$$libshutdown$$00000006  c_w.l(libshutdown2.o)
    0x080001b6   0x00000000   Code   RO         1378    .ARM.Collect$$libshutdown$$00000009  c_w.l(libshutdown2.o)
    0x080001b6   0x00000000   Code   RO         1380    .ARM.Collect$$libshutdown$$0000000B  c_w.l(libshutdown2.o)
    0x080001b6   0x00000000   Code   RO         1383    .ARM.Collect$$libshutdown$$0000000E  c_w.l(libshutdown2.o)
    0x080001b6   0x00000002   Code   RO         1384    .ARM.Collect$$libshutdown$$0000000F  c_w.l(libshutdown2.o)
    0x080001b8   0x00000000   Code   RO         1206    .ARM.Collect$$rtentry$$00000000  c_w.l(__rtentry.o)
    0x080001b8   0x00000000   Code   RO         1300    .ARM.Collect$$rtentry$$00000002  c_w.l(__rtentry2.o)
    0x080001b8   0x00000006   Code   RO         1312    .ARM.Collect$$rtentry$$00000004  c_w.l(__rtentry4.o)
    0x080001be   0x00000000   Code   RO         1302    .ARM.Collect$$rtentry$$00000009  c_w.l(__rtentry2.o)
    0x080001be   0x00000004   Code   RO         1303    .ARM.Collect$$rtentry$$0000000A  c_w.l(__rtentry2.o)
    0x080001c2   0x00000000   Code   RO         1305    .ARM.Collect$$rtentry$$0000000C  c_w.l(__rtentry2.o)
    0x080001c2   0x00000008   Code   RO         1306    .ARM.Collect$$rtentry$$0000000D  c_w.l(__rtentry2.o)
    0x080001ca   0x00000002   Code   RO         1360    .ARM.Collect$$rtexit$$00000000  c_w.l(rtexit.o)
    0x080001cc   0x00000000   Code   RO         1388    .ARM.Collect$$rtexit$$00000002  c_w.l(rtexit2.o)
    0x080001cc   0x00000004   Code   RO         1389    .ARM.Collect$$rtexit$$00000003  c_w.l(rtexit2.o)
    0x080001d0   0x00000006   Code   RO         1390    .ARM.Collect$$rtexit$$00000004  c_w.l(rtexit2.o)
    0x080001d6   0x00000002   PAD
    0x080001d8   0x00000000   Code   RO         1316    .emb_text           c_w.l(maybetermalloc1.o)
    0x080001d8   0x00000040   Code   RO            4  * .text               startup_stm32l1xx_md.o
    0x08000218   0x0000005e   Code   RO         1126    .text               c_w.l(h1_alloc.o)
    0x08000276   0x00000006   Code   RO         1180    .text               c_w.l(heapauxi.o)
    0x0800027c   0x00000008   Code   RO         1210    .text               c_w.l(rt_heap_descriptor_intlibspace.o)
    0x08000284   0x00000004   Code   RO         1212    .text               c_w.l(hguard.o)
    0x08000288   0x0000008a   Code   RO         1214    .text               c_w.l(init_alloc.o)
    0x08000312   0x0000000e   Code   RO         1220    .text               c_w.l(h1_init.o)
    0x08000320   0x0000004e   Code   RO         1222    .text               c_w.l(h1_free.o)
    0x0800036e   0x00000002   PAD
    0x08000370   0x00000008   Code   RO         1296    .text               c_w.l(libspace.o)
    0x08000378   0x00000034   Code   RO         1318    .text               c_w.l(h1_extend.o)
    0x080003ac   0x0000000e   Code   RO         1322    .text               c_w.l(defsig_rtmem_outer.o)
    0x080003ba   0x00000002   Code   RO         1333    .text               c_w.l(use_no_semi.o)
    0x080003bc   0x00000000   Code   RO         1335    .text               c_w.l(indicate_semi.o)
    0x080003bc   0x0000004a   Code   RO         1336    .text               c_w.l(sys_stackheap_outer.o)
    0x08000406   0x0000000c   Code   RO         1342    .text               c_w.l(exit.o)
    0x08000412   0x0000000a   Code   RO         1344    .text               c_w.l(defsig_exit.o)
    0x0800041c   0x00000050   Code   RO         1346    .text               c_w.l(defsig_rtmem_inner.o)
    0x0800046c   0x0000000c   Code   RO         1358    .text               c_w.l(sys_exit.o)
    0x08000478   0x00000032   Code   RO         1368    .text               c_w.l(defsig_general.o)
    0x080004aa   0x0000000e   Code   RO         1385    .text               c_w.l(sys_wrch.o)
    0x080004b8   0x00000048   Code   RO           77    i.BUZZER_GPIO_init  buzzer.o
    0x08000500   0x00000084   Code   RO           78    i.BUZZER_PWM_init   buzzer.o
    0x08000584   0x00000044   Code   RO           79    i.BUZZER_music_init  buzzer.o
    0x080005c8   0x00000054   Code   RO           80    i.BUZZER_reset_timer  buzzer.o
    0x0800061c   0x00000054   Code   RO          405    i.ClrKeyb           key.o
    0x08000670   0x0000002c   Code   RO           81    i.DAC_GPIO_init     buzzer.o
    0x0800069c   0x00000038   Code   RO           82    i.DAC_LOGIC_init    buzzer.o
    0x080006d4   0x00000040   Code   RO          486    i.DMA1_Channel2_IRQHandler  led.o
    0x08000714   0x00000002   Code   RO          234    i.EEPROM_SystemBackup  eeprom.o
    0x08000716   0x00000002   PAD
    0x08000718   0x00000098   Code   RO          808    i.EXTI15_10_IRQHandler  rfm69w.o
    0x080007b0   0x000001a4   Code   RO           13    i.GPIO_config       system_stm32l1xx.o
    0x08000954   0x00000028   Code   RO          406    i.GetKeybSample     key.o
    0x0800097c   0x00000024   Code   RO          407    i.GetKeys           key.o
    0x080009a0   0x00000050   Code   RO          410    i.KEY_init          key.o
    0x080009f0   0x000000b0   Code   RO          412    i.KeybProc          key.o
    0x08000aa0   0x00000024   Code   RO          487    i.LED_set_values    led.o
    0x08000ac4   0x000001c8   Code   RO          709    i.MENU_init         menu.o
    0x08000c8c   0x00000016   Code   RO          488    i.NVIC_EnableIRQ    led.o
    0x08000ca2   0x00000002   PAD
    0x08000ca4   0x000000a4   Code   RO          810    i.RFM69W_GPIO_init  rfm69w.o
    0x08000d48   0x0000028c   Code   RO          811    i.RFM69W_REG_init   rfm69w.o
    0x08000fd4   0x00000024   Code   RO          813    i.RFM69W_SPI_init   rfm69w.o
    0x08000ff8   0x00000054   Code   RO          815    i.RFM69W_SPI_send_8poll  rfm69w.o
    0x0800104c   0x00000124   Code   RO          816    i.RFM69W_SPI_send_poll  rfm69w.o
    0x08001170   0x00000020   Code   RO          817    i.RFM69W_SPI_set_bit  rfm69w.o
    0x08001190   0x00000078   Code   RO          820    i.RFM69W_encrypt    rfm69w.o
    0x08001208   0x00000010   Code   RO          821    i.RFM69W_init       rfm69w.o
    0x08001218   0x00000198   Code   RO          822    i.RFM69W_interruptHandler  rfm69w.o
    0x080013b0   0x00000050   Code   RO          823    i.RFM69W_listenModeOFF  rfm69w.o
    0x08001400   0x00000030   Code   RO          824    i.RFM69W_listenModeON  rfm69w.o
    0x08001430   0x00000038   Code   RO          826    i.RFM69W_readRSSI   rfm69w.o
    0x08001468   0x00000040   Code   RO          827    i.RFM69W_receiveBegin  rfm69w.o
    0x080014a8   0x00000080   Code   RO          828    i.RFM69W_reset      rfm69w.o
    0x08001528   0x0000005c   Code   RO          830    i.RFM69W_sendACK    rfm69w.o
    0x08001584   0x000001b4   Code   RO          831    i.RFM69W_sendFrame  rfm69w.o
    0x08001738   0x000000cc   Code   RO          833    i.RFM69W_setMap     rfm69w.o
    0x08001804   0x000000bc   Code   RO          834    i.RFM69W_setMode    rfm69w.o
    0x080018c0   0x000000dc   Code   RO          835    i.SPI1_IRQHandler   rfm69w.o
    0x0800199c   0x00000050   Code   RO         1001    i.SYS_TICK_init     sys_tick.o
    0x080019ec   0x00000034   Code   RO         1002    i.SYS_TICK_timeOut  sys_tick.o
    0x08001a20   0x00000110   Code   RO           14    i.SetSysClock       system_stm32l1xx.o
    0x08001b30   0x00000034   Code   RO         1003    i.SysTick_Handler   sys_tick.o
    0x08001b64   0x00000068   Code   RO           16    i.SystemInit        system_stm32l1xx.o
    0x08001bcc   0x0000003c   Code   RO          489    i.TIM10_IRQHandler  led.o
    0x08001c08   0x000001a4   Code   RO           83    i.TIM3_IRQHandler   buzzer.o
    0x08001dac   0x00000068   Code   RO         1044    i.USART1_IRQHandler  usart.o
    0x08001e14   0x00000074   Code   RO         1045    i.USART_init        usart.o
    0x08001e88   0x0000001c   Code   RO         1046    i.USART_putchar     usart.o
    0x08001ea4   0x00000016   Code   RO         1047    i.USART_send        usart.o
    0x08001eba   0x00000058   Code   RO         1049    i.USART_write_buf   usart.o
    0x08001f12   0x00000002   PAD
    0x08001f14   0x000000bc   Code   RO           90    i._BUZZER_init      buzzer.o
    0x08001fd0   0x00000020   Code   RO          494    i._LED_blink_off    led.o
    0x08001ff0   0x0000004c   Code   RO          495    i._LED_blink_on     led.o
    0x0800203c   0x00000070   Code   RO          504    i._LED_init         led.o
    0x080020ac   0x00000024   Code   RO          505    i._LED_off          led.o
    0x080020d0   0x00000024   Code   RO          506    i._LED_on           led.o
    0x080020f4   0x0000002c   Code   RO          507    i._LED_refresh      led.o
    0x08002120   0x00000118   Code   RO          508    i._LED_set          led.o
    0x08002238   0x00000052   Code   RO          509    i._LED_set_color    led.o
    0x0800228a   0x00000002   PAD
    0x0800228c   0x0000002c   Code   RO          510    i._LED_set_color_list  led.o
    0x080022b8   0x00000188   Code   RO          381    i._dbl2stri         float.o
    0x08002440   0x0000002c   Code   RO          382    i._decimal_binary   float.o
    0x0800246c   0x000000a0   Code   RO          511    i.led_DMA_init      led.o
    0x0800250c   0x00000040   Code   RO          512    i.led_bus_reset     led.o
    0x0800254c   0x00000054   Code   RO          513    i.led_gpio_init     led.o
    0x080025a0   0x000000a4   Code   RO          514    i.led_refresh_timer_init  led.o
    0x08002644   0x00000064   Code   RO          515    i.led_timer_init    led.o
    0x080026a8   0x00000024   Code   RO          516    i.led_timer_on      led.o
    0x080026cc   0x00000210   Code   RO         1101    i.main              main.o
    0x080028dc   0x00000084   Code   RO          710    i.menu_1_fun        menu.o
    0x08002960   0x00000002   Code   RO          711    i.menu_2_fun        menu.o
    0x08002962   0x00000002   Code   RO          712    i.menu_3_fun        menu.o
    0x08002964   0x00000002   Code   RO          713    i.menu_4_fun        menu.o
    0x08002966   0x00000002   Code   RO          714    i.menu_5_fun        menu.o
    0x08002968   0x00000068   Code   RO          715    i.menu_Syg_1_fun    menu.o
    0x080029d0   0x00000068   Code   RO          716    i.menu_Syg_2_fun    menu.o
    0x08002a38   0x00000068   Code   RO          717    i.menu_Syg_3_fun    menu.o
    0x08002aa0   0x0000004c   Code   RO          718    i.menu_Syg_4_fun    menu.o
    0x08002aec   0x00000048   Code   RO          719    i.menu_Syg_NONE_fun  menu.o
    0x08002b34   0x00000034   Code   RO          720    i.menu_par          menu.o
    0x08002b68   0x00000028   Code   RO          517    i.reverse           led.o
    0x08002b90   0x00000150   Code   RO         1184    x$fpl$dadd          fz_ws.l(daddsub_clz.o)
    0x08002ce0   0x00000018   Code   RO         1287    x$fpl$dcmpinf       fz_ws.l(dcmpi.o)
    0x08002cf8   0x0000005a   Code   RO         1190    x$fpl$dfixu         fz_ws.l(dfixu.o)
    0x08002d52   0x0000002e   Code   RO         1195    x$fpl$dflt          fz_ws.l(dflt_clz.o)
    0x08002d80   0x00000026   Code   RO         1194    x$fpl$dfltu         fz_ws.l(dflt_clz.o)
    0x08002da6   0x00000002   PAD
    0x08002da8   0x00000078   Code   RO         1200    x$fpl$dleqf         fz_ws.l(dleqf.o)
    0x08002e20   0x00000154   Code   RO         1202    x$fpl$dmul          fz_ws.l(dmul.o)
    0x08002f74   0x0000009c   Code   RO         1289    x$fpl$dnaninf       fz_ws.l(dnaninf.o)
    0x08003010   0x0000000c   Code   RO         1291    x$fpl$dretinf       fz_ws.l(dretinf.o)
    0x0800301c   0x00000016   Code   RO         1185    x$fpl$drsb          fz_ws.l(daddsub_clz.o)
    0x08003032   0x00000002   PAD
    0x08003034   0x000001d4   Code   RO         1186    x$fpl$dsub          fz_ws.l(daddsub_clz.o)
    0x08003208   0x00000000   Code   RO         1293    x$fpl$usenofp       fz_ws.l(usenofp.o)
    0x08003208   0x00000040   Data   RO          384    .constdata          float.o
    0x08003248   0x00000016   Data   RO          415    .constdata          key.o
    0x0800325e   0x00000002   PAD
    0x08003260   0x00000020   Data   RO         1415    Region$$Table       anon$$obj.o


    Execution Region ER_RW (Base: 0x20000000, Size: 0x000001c8, Max: 0xffffffff, ABSOLUTE, COMPRESSED[0x000000c8])

    Base Addr    Size         Type   Attr      Idx    E Section Name        Object

    0x20000000   0x0000001d   Data   RW           17    .data               system_stm32l1xx.o
    0x2000001d   0x00000001   PAD
    0x2000001e   0x00000121   Data   RW           96    .data               buzzer.o
    0x2000013f   0x00000001   PAD
    0x20000140   0x00000004   Data   RW          385    .data               float.o
    0x20000144   0x00000020   Data   RW          416    .data               key.o
    0x20000164   0x0000002b   Data   RW          520    .data               led.o
    0x2000018f   0x00000001   PAD
    0x20000190   0x00000030   Data   RW          721    .data               menu.o
    0x200001c0   0x00000005   Data   RW         1004    .data               sys_tick.o


    Execution Region ER_ZI (Base: 0x200001c8, Size: 0x00000cd8, Max: 0xffffffff, ABSOLUTE)

    Base Addr    Size         Type   Attr      Idx    E Section Name        Object

    0x200001c8   0x00000026   Zero   RW           95    .bss                buzzer.o
    0x200001ee   0x00000080   Zero   RW          383    .bss                float.o
    0x2000026e   0x00000002   PAD
    0x20000270   0x00000148   Zero   RW          519    .bss                led.o
    0x200003b8   0x0000009a   Zero   RW          836    .bss                rfm69w.o
    0x20000452   0x000003ea   Zero   RW         1050    .bss                usart.o
    0x2000083c   0x00000060   Zero   RW         1297    .bss                c_w.l(libspace.o)
    0x2000089c   0x00000004   PAD
    0x200008a0   0x00000200   Zero   RW            2    HEAP                startup_stm32l1xx_md.o
    0x20000aa0   0x00000400   Zero   RW            1    STACK               startup_stm32l1xx_md.o


==============================================================================

Image component sizes


      Code (inc. data)   RO Data    RW Data    ZI Data      Debug   Object Name

      1064        120          0        289         38     203601   buzzer.o
         2          0          0          0          0        378   eeprom.o
       436         18         64          4        128       1966   float.o
       416         92         22         32          0       2966   key.o
      1572        182          0         43        328      11102   led.o
       528        146          0          0          0        611   main.o
      1108        182          0         48          0       6833   menu.o
      3472        496          0          0        154      35867   rfm69w.o
        64         26        244          0       1536        796   startup_stm32l1xx_md.o
       184         26          0          5          0      25326   sys_tick.o
       796         48          0         29          0     181159   system_stm32l1xx.o
       358         28          0          0       1002       2917   usart.o

    ----------------------------------------------------------------------
     10008       1364        364        456       3188     473522   Object Totals
         0          0         32          0          0          0   (incl. Generated)
         8          0          2          6          2          0   (incl. Padding)

    ----------------------------------------------------------------------

      Code (inc. data)   RO Data    RW Data    ZI Data      Debug   Library Member Name

        90          0          0          0          0          0   __dczerorl2.o
         8          0          0          0          0         68   __main.o
         0          0          0          0          0          0   __rtentry.o
        12          0          0          0          0          0   __rtentry2.o
         6          0          0          0          0          0   __rtentry4.o
        52          8          0          0          0          0   __scatter.o
        28          0          0          0          0          0   __scatter_zi.o
        10          0          0          0          0         68   defsig_exit.o
        50          0          0          0          0         88   defsig_general.o
        80         58          0          0          0         76   defsig_rtmem_inner.o
        14          0          0          0          0         80   defsig_rtmem_outer.o
        12          0          0          0          0         72   exit.o
        94          0          0          0          0         80   h1_alloc.o
        52          0          0          0          0         68   h1_extend.o
        78          0          0          0          0         80   h1_free.o
        14          0          0          0          0         84   h1_init.o
         6          0          0          0          0        152   heapauxi.o
         4          0          0          0          0        136   hguard.o
         0          0          0          0          0          0   indicate_semi.o
       138          0          0          0          0        168   init_alloc.o
         2          0          0          0          0          0   libinit.o
        10          0          0          0          0          0   libinit2.o
         2          0          0          0          0          0   libshutdown.o
         2          0          0          0          0          0   libshutdown2.o
         8          4          0          0         96         68   libspace.o
         0          0          0          0          0          0   maybetermalloc1.o
         8          4          0          0          0         68   rt_heap_descriptor_intlibspace.o
         2          0          0          0          0          0   rtexit.o
        10          0          0          0          0          0   rtexit2.o
        12          4          0          0          0         68   sys_exit.o
        74          0          0          0          0         80   sys_stackheap_outer.o
        14          0          0          0          0         76   sys_wrch.o
         2          0          0          0          0         68   use_no_semi.o
       826         16          0          0          0        348   daddsub_clz.o
        24          0          0          0          0         68   dcmpi.o
        90          4          0          0          0         92   dfixu.o
        84          0          0          0          0        136   dflt_clz.o
       120          4          0          0          0         92   dleqf.o
       340         12          0          0          0        104   dmul.o
       156          4          0          0          0         92   dnaninf.o
        12          0          0          0          0         68   dretinf.o
         0          0          0          0          0          0   usenofp.o

    ----------------------------------------------------------------------
      2556        118          0          0        100       2648   Library Totals
        10          0          0          0          4          0   (incl. Padding)

    ----------------------------------------------------------------------

      Code (inc. data)   RO Data    RW Data    ZI Data      Debug   Library Name

       894         78          0          0         96       1648   c_w.l
      1652         40          0          0          0       1000   fz_ws.l

    ----------------------------------------------------------------------
      2556        118          0          0        100       2648   Library Totals

    ----------------------------------------------------------------------

==============================================================================


      Code (inc. data)   RO Data    RW Data    ZI Data      Debug   

     12564       1482        364        456       3288     470862   Grand Totals
     12564       1482        364        200       3288     470862   ELF Image Totals (compressed)
     12564       1482        364        200          0          0   ROM Totals

==============================================================================

    Total RO  Size (Code + RO Data)                12928 (  12.63kB)
    Total RW  Size (RW Data + ZI Data)              3744 (   3.66kB)
    Total ROM Size (Code + RO Data + RW Data)      13128 (  12.82kB)

==============================================================================

